
Allocating common symbols
Common symbol       size              file

netbufpool          0x4               binaries/net.o
readylist           0x2               binaries/ready.o
rfltab              0x5a0             binaries/rflinit.o
sleepq              0x2               binaries/clkinit.o
PAGE_SERVER_STATUS  0x1               binaries/initialize.o
nnames              0x4               binaries/naminit.o
udptab              0x168             binaries/udp.o
minheap             0x4               binaries/meminit.o
marks               0x50              binaries/mark.o
currpid             0x4               binaries/initialize.o
Lf_data             0x20c             binaries/lfsinit.o
porttab             0x2d0             binaries/ptinit.o
girmask             0x2               binaries/evec.o
ttytab              0x10c             binaries/ttyinit.o
bs_sem              0x4               binaries/psinit.o
proctab             0x1a90            binaries/initialize.o
fHolderListE1       0x4000            binaries/initialize.o
prcount             0x4               binaries/initialize.o
lfltab              0xf00             binaries/lflinit.o
identityMapAddrList
                    0x28              binaries/initialize.o
rdstab              0x8c              binaries/rdsinit.o
ethertab            0x138             binaries/ethinit.o
NetData             0xa8              binaries/net.o
nmarks              0x4               binaries/mark.o
Defer               0x8               binaries/resched.o
semtab              0x4b0             binaries/initialize.o
maxheap             0x4               binaries/meminit.o
preempt             0x4               binaries/clkinit.o
buftab              0xf0              binaries/bufinit.o
Rf_data             0x18              binaries/rfsinit.o
mkmutex             0x4               binaries/mark.o
bstab               0x80              binaries/psinit.o
clktime             0x4               binaries/clkinit.o
arpcache            0x140             binaries/arp.o
icmptab             0x230             binaries/icmp.o
nbpools             0x4               binaries/bufinit.o
queuetab            0x980             binaries/queue.o
fHolderListD        0x3e80            binaries/initialize.o
ptnextid            0x4               binaries/ptinit.o
Ram                 0x19000           binaries/raminit.o
ipoqueue            0x2c              binaries/ip.o
bs_init_sem         0x4               binaries/initialize.o
memlist             0x8               binaries/initialize.o
nametab             0x19a0            binaries/naminit.o
ptfree              0x4               binaries/ptinit.o

Memory Configuration

Name             Origin             Length             Attributes
*default*        0x0000000000000000 0xffffffffffffffff

Linker script and memory map

                0x0000000000100000                physbase = 0x100000
                0x0000000000100000                . = physbase
                0x0000000000100000                . = ALIGN (0x1000)

.text           0x0000000000100000    0x1b000
                0x0000000000100000                text = ABSOLUTE (.)
 *(.text .text.*)
 .text          0x0000000000100000      0x148 binaries/start.o
                0x0000000000100024                start
                0x0000000000100096                inb
                0x000000000010009e                inw
                0x00000000001000a7                inl
                0x00000000001000af                outb
                0x00000000001000b9                outw
                0x00000000001000c4                outl
                0x00000000001000ce                _rtcin
                0x00000000001000d9                ___udivsi3
                0x00000000001000e4                ___divsi3
                0x00000000001000f0                sbzero
                0x0000000000100100                bcopy
                0x0000000000100114                insw
                0x000000000010012a                outsw
                0x0000000000100140                lidt
 .text          0x0000000000100148      0x405 binaries/ascdate.o
                0x0000000000100148                ascdate
 .text          0x000000000010054d       0x14 binaries/bufinit.o
                0x000000000010054d                bufinit
 .text          0x0000000000100561       0x87 binaries/chprio.o
                0x0000000000100561                chprio
 .text          0x00000000001005e8       0x96 binaries/clkhandler.o
                0x00000000001005e8                clkhandler
 .text          0x000000000010067e       0x89 binaries/clkinit.o
                0x000000000010067e                clkinit
 .text          0x0000000000100707       0x6a binaries/close.o
                0x0000000000100707                close
 .text          0x0000000000100771        0x0 binaries/conf.o
 .text          0x0000000000100771       0x7f binaries/control.o
                0x0000000000100771                control
 .text          0x00000000001007f0      0x34f binaries/create.o
                0x00000000001007f0                create
 .text          0x0000000000100b3f      0x35f binaries/early_imr.o
                0x0000000000100b3f                intel_cln_early_sb_read_reg
                0x0000000000100bc3                intel_cln_early_sb_write_reg
                0x0000000000100ddb                remove_irm_protections
 .text          0x0000000000100e9e      0x475 binaries/evec.o
                0x0000000000100e9e                initevec
                0x0000000000100fbc                set_evec
                0x000000000010105e                setirmask
                0x00000000001010b8                trap
 .text          0x0000000000101313       0x82 binaries/freebuf.o
                0x0000000000101313                freebuf
 .text          0x0000000000101395      0x167 binaries/freemem.o
                0x0000000000101395                freemem
 .text          0x00000000001014fc       0x80 binaries/getbuf.o
                0x00000000001014fc                getbuf
 .text          0x000000000010157c       0x6a binaries/getc.o
                0x000000000010157c                getc
 .text          0x00000000001015e6       0x72 binaries/getdev.o
                0x00000000001015e6                getdev
 .text          0x0000000000101658       0xc8 binaries/getitem.o
                0x0000000000101658                getfirst
                0x0000000000101699                getlast
                0x00000000001016dc                getitem
 .text          0x0000000000101720       0xfb binaries/getmem.o
                0x0000000000101720                getmem
 .text          0x000000000010181b        0xa binaries/getpid.o
                0x000000000010181b                getpid
 .text          0x0000000000101825       0x6f binaries/getprio.o
                0x0000000000101825                getprio
 .text          0x0000000000101894       0xf2 binaries/getstk.o
                0x0000000000101894                getstk
 .text          0x0000000000101986       0x36 binaries/gettime.o
                0x0000000000101986                gettime
 .text          0x00000000001019bc      0x1d6 binaries/getutime.o
                0x00000000001019bc                getutime
 .text          0x0000000000101b92       0x4a binaries/helper_functions.o
                0x0000000000101b92                get_page_faulted_addr_cr2
                0x0000000000101baa                set_page_dir_addr_cr3
 .text          0x0000000000101bdc      0x806 binaries/helper_functions_paging.o
                0x0000000000101bdc                get_empty_frame_from_regionD
                0x0000000000101c57                get_empty_frame_from_regionE1
                0x0000000000101ce5                initialize_empty_page_directory
                0x0000000000101d90                initialize_empty_page_table
                0x0000000000101e3b                build_identity_map_entry
                0x0000000000101efd                set_page_directory_entry
                0x0000000000101f37                set_page_table_entry
                0x0000000000101f71                reset_page_table_entry
                0x0000000000101f80                reset_page_directory_entry
                0x0000000000101f8f                initialize_fholderList
                0x000000000010204b                get_page_table_entry
                0x0000000000102097                get_page_directory_entry
                0x00000000001020d0                deallocate_frames_E1
                0x0000000000102113                purge_frames_fHolderListD
                0x0000000000102176                purge_frames_fHolderListE1
                0x00000000001021d9                invalidate_page_table_entries
                0x00000000001022aa                free_frame_in_regionD
                0x000000000010230f                free_frame_in_regionE1
                0x0000000000102371                increment_number_entries_allocated
                0x00000000001023a3                decrement_number_entries_allocated
                0x00000000001023d5                drop_offset_from_addr
 .text          0x00000000001023e2      0x12b binaries/helper_functions_vmem.o
                0x00000000001023e2                create_vmemblk_node
                0x000000000010241f                free_vmemblk_node
                0x000000000010243a                setup_vmemlist
                0x00000000001024c3                purge_vmemlist
 .text          0x000000000010250d       0x6a binaries/init.o
                0x000000000010250d                init
 .text          0x0000000000102577      0x319 binaries/initialize.o
                0x0000000000102577                nulluser
                0x000000000010283b                stop
                0x0000000000102862                delay
 .text          0x0000000000102890      0x11a binaries/init_paging.o
                0x0000000000102890                init_paging
 .text          0x00000000001029aa       0xda binaries/insert.o
                0x00000000001029aa                insert
 .text          0x0000000000102a84      0x10c binaries/insertd.o
                0x0000000000102a84                insertd
 .text          0x0000000000102b90        0xa binaries/ioerr.o
                0x0000000000102b90                ioerr
 .text          0x0000000000102b9a        0xa binaries/ionull.o
                0x0000000000102b9a                ionull
 .text          0x0000000000102ba4      0x1a1 binaries/kill.o
                0x0000000000102ba4                kill
 .text          0x0000000000102d45      0x12c binaries/kprintf.o
                0x0000000000102d45                console_init
                0x0000000000102d98                kputc
                0x0000000000102df2                kgetc
                0x0000000000102e44                kprintf
 .text          0x0000000000102e71      0x10a binaries/main.o
                0x0000000000102e71                main
 .text          0x0000000000102f7b       0xac binaries/mark.o
                0x0000000000102f7b                markinit
                0x0000000000102f9e                mark
 .text          0x0000000000103027      0x14d binaries/meminit.o
                0x0000000000103027                meminit
                0x00000000001030ab                setsegs
 .text          0x0000000000103174      0x144 binaries/mkbufpool.o
                0x0000000000103174                mkbufpool
 .text          0x00000000001032b8       0x94 binaries/newqueue.o
                0x00000000001032b8                newqueue
 .text          0x000000000010334c       0x78 binaries/open.o
                0x000000000010334c                open
 .text          0x00000000001033c4       0x20 binaries/panic.o
                0x00000000001033c4                panic
 .text          0x00000000001033e4      0x47c binaries/pci.o
                0x00000000001033e4                pci_init
                0x000000000010346e                find_pci_device
                0x000000000010355e                pci_read_config_byte
                0x00000000001035ca                pci_read_config_word
                0x0000000000103638                pci_read_config_dword
                0x00000000001036a4                pci_write_config_byte
                0x0000000000103714                pci_write_config_word
                0x0000000000103786                pci_write_config_dword
                0x00000000001037f0                pci_get_dev_mmio_base_addr
 .text          0x0000000000103860      0x1a9 binaries/pgfhandler.o
                0x0000000000103860                pgfhandler
 .text          0x0000000000103a09       0x64 binaries/platinit.o
                0x0000000000103a09                platinit
 .text          0x0000000000103a6d       0xe6 binaries/ptclear.o
                0x0000000000103a6d                _ptclear
 .text          0x0000000000103b53       0x8f binaries/ptcount.o
                0x0000000000103b53                ptcount
 .text          0x0000000000103be2      0x105 binaries/ptcreate.o
                0x0000000000103be2                ptcreate
 .text          0x0000000000103ce7       0x80 binaries/ptdelete.o
                0x0000000000103ce7                ptdelete
 .text          0x0000000000103d67       0xb7 binaries/ptinit.o
                0x0000000000103d67                ptinit
 .text          0x0000000000103e1e      0x10a binaries/ptrecv.o
                0x0000000000103e1e                ptrecv
 .text          0x0000000000103f28       0x78 binaries/ptreset.o
                0x0000000000103f28                ptreset
 .text          0x0000000000103fa0      0x128 binaries/ptsend.o
                0x0000000000103fa0                ptsend
 .text          0x00000000001040c8       0x78 binaries/putc.o
                0x00000000001040c8                putc
 .text          0x0000000000104140       0xdf binaries/quark_irq.o
                0x0000000000104140                quark_irq_routing
 .text          0x000000000010421f      0x206 binaries/quark_pdat.o
                0x000000000010421f                get_quark_pdat_entry_data_by_id
                0x000000000010431b                get_quark_pdat_entry_data_by_desc
 .text          0x0000000000104425      0x105 binaries/queue.o
                0x0000000000104425                enqueue
                0x00000000001044c1                dequeue
 .text          0x000000000010452a       0x78 binaries/read.o
                0x000000000010452a                read
 .text          0x00000000001045a2       0x7c binaries/ready.o
                0x00000000001045a2                ready
 .text          0x000000000010461e       0x5c binaries/receive.o
                0x000000000010461e                receive
 .text          0x000000000010467a       0x58 binaries/recvclr.o
                0x000000000010467a                recvclr
 .text          0x00000000001046d2       0xb7 binaries/recvtime.o
                0x00000000001046d2                recvtime
 .text          0x0000000000104789      0x187 binaries/resched.o
                0x0000000000104789                resched
                0x000000000010489b                resched_cntl
 .text          0x0000000000104910       0x9e binaries/resume.o
                0x0000000000104910                resume
 .text          0x00000000001049ae       0x71 binaries/seek.o
                0x00000000001049ae                seek
 .text          0x0000000000104a1f       0x69 binaries/semcount.o
                0x0000000000104a1f                semcount
 .text          0x0000000000104a88       0xcf binaries/semcreate.o
                0x0000000000104a88                semcreate
 .text          0x0000000000104b57       0xba binaries/semdelete.o
                0x0000000000104b57                semdelete
 .text          0x0000000000104c11       0xbc binaries/semreset.o
                0x0000000000104c11                semreset
 .text          0x0000000000104ccd       0xde binaries/send.o
                0x0000000000104ccd                send
 .text          0x0000000000104dab       0x97 binaries/signal.o
                0x0000000000104dab                signal
 .text          0x0000000000104e42       0xc3 binaries/signaln.o
                0x0000000000104e42                signaln
 .text          0x0000000000104f05       0xd7 binaries/sleep.o
                0x0000000000104f05                sleep
                0x0000000000104f49                sleepms
 .text          0x0000000000104fdc      0x1bd binaries/stacktrace.o
                0x0000000000104fdc                stacktrace
 .text          0x0000000000105199       0xd4 binaries/suspend.o
                0x0000000000105199                suspend
 .text          0x000000000010526d        0x0 binaries/tests.o
 .text          0x000000000010526d       0xd6 binaries/unsleep.o
                0x000000000010526d                unsleep
 .text          0x0000000000105343       0x15 binaries/userret.o
                0x0000000000105343                userret
 .text          0x0000000000105358       0x66 binaries/vmhalloc.o
                0x0000000000105358                vmhalloc
 .text          0x00000000001053be      0x231 binaries/vmhfreemem.o
                0x00000000001053be                vmhfreemem
 .text          0x00000000001055ef      0x153 binaries/vmhgetmem.o
                0x00000000001055ef                vmhgetmem
 .text          0x0000000000105742        0x0 binaries/vmhgetstk.o
 .text          0x0000000000105742       0xd0 binaries/wait.o
                0x0000000000105742                wait
 .text          0x0000000000105812       0x68 binaries/wakeup.o
                0x0000000000105812                wakeup
 .text          0x000000000010587a       0x78 binaries/write.o
                0x000000000010587a                write
 .text          0x00000000001058f2       0x19 binaries/xdone.o
                0x00000000001058f2                xdone
 .text          0x000000000010590b       0x25 binaries/yield.o
                0x000000000010590b                yield
 .text          0x0000000000105930       0x11 binaries/abs.o
                0x0000000000105930                abs
 .text          0x0000000000105941       0x8f binaries/atoi.o
                0x0000000000105941                atoi
 .text          0x00000000001059d0       0x8f binaries/atol.o
                0x00000000001059d0                atol
 .text          0x0000000000105a5f       0x31 binaries/bzero.o
                0x0000000000105a5f                bzero
 .text          0x0000000000105a90        0x0 binaries/ctype_.o
 .text          0x0000000000105a90      0x785 binaries/doprnt.o
                0x0000000000105a90                _doprnt
 .text          0x0000000000106215      0x6a2 binaries/doscan.o
                0x0000000000106215                _doscan
 .text          0x00000000001068b7      0x723 binaries/fdoprnt.o
                0x00000000001068b7                _fdoprnt
 .text          0x0000000000106fda       0x26 binaries/fgetc.o
                0x0000000000106fda                fgetc
 .text          0x0000000000107000       0x72 binaries/fgets.o
                0x0000000000107000                fgets
 .text          0x0000000000107072       0x34 binaries/fprintf.o
                0x0000000000107072                fprintf
 .text          0x00000000001070a6       0x2c binaries/fputc.o
                0x00000000001070a6                fputc
 .text          0x00000000001070d2       0x43 binaries/fputs.o
                0x00000000001070d2                fputs
 .text          0x0000000000107115       0x92 binaries/fscanf.o
                0x0000000000107115                fscanf
 .text          0x00000000001071a7       0x29 binaries/getchar.o
                0x00000000001071a7                getchar
 .text          0x00000000001071d0       0x11 binaries/labs.o
                0x00000000001071d0                labs
 .text          0x00000000001071e1       0x3a binaries/memchr.o
                0x00000000001071e1                memchr
 .text          0x000000000010721b       0x51 binaries/memcmp.o
                0x000000000010721b                memcmp
 .text          0x000000000010726c       0x3f binaries/memcpy.o
                0x000000000010726c                memcpy
 .text          0x00000000001072ab       0x30 binaries/memset.o
                0x00000000001072ab                memset
 .text          0x00000000001072db       0x4c binaries/printf.o
                0x00000000001072db                printf
 .text          0x0000000000107327       0x30 binaries/putchar.o
                0x0000000000107327                putchar
 .text          0x0000000000107357      0x28c binaries/qsort.o
                0x0000000000107357                qsort
 .text          0x00000000001075e3       0x5b binaries/rand.o
                0x00000000001075e3                srand
                0x00000000001075f0                rand
 .text          0x000000000010763e       0x6f binaries/sprintf.o
                0x000000000010763e                sprintf
 .text          0x00000000001076ad       0x7f binaries/sscanf.o
                0x00000000001076ad                sscanf
 .text          0x000000000010772c       0x3c binaries/strchr.o
                0x000000000010772c                strchr
 .text          0x0000000000107768       0x45 binaries/strcmp.o
                0x0000000000107768                strcmp
 .text          0x00000000001077ad       0x27 binaries/strcpy.o
                0x00000000001077ad                strcpy
 .text          0x00000000001077d4       0x26 binaries/strlen.o
                0x00000000001077d4                strlen
 .text          0x00000000001077fa       0x56 binaries/strncat.o
                0x00000000001077fa                strncat
 .text          0x0000000000107850       0x5e binaries/strncmp.o
                0x0000000000107850                strncmp
 .text          0x00000000001078ae       0x4f binaries/strncpy.o
                0x00000000001078ae                strncpy
 .text          0x00000000001078fd       0x2e binaries/strnlen.o
                0x00000000001078fd                strnlen
 .text          0x000000000010792b       0x45 binaries/strrchr.o
                0x000000000010792b                strrchr
 .text          0x0000000000107970       0x6d binaries/strstr.o
                0x0000000000107970                strstr
 .text          0x00000000001079dd       0xdc binaries/ttycontrol.o
                0x00000000001079dd                ttycontrol
 .text          0x0000000000107ab9       0x97 binaries/ttygetc.o
                0x0000000000107ab9                ttygetc
 .text          0x0000000000107b50      0x736 binaries/ttyhandle_in.o
                0x0000000000107b50                ttyhandle_in
 .text          0x0000000000108286      0x17b binaries/ttyhandle_out.o
                0x0000000000108286                ttyhandle_out
 .text          0x0000000000108401       0xbe binaries/ttyhandler.o
                0x0000000000108401                ttyhandler
 .text          0x00000000001084bf      0x1e1 binaries/ttyinit.o
                0x00000000001084bf                ttyinit
 .text          0x00000000001086a0       0x10 binaries/ttykickout.o
                0x00000000001086a0                ttykickout
 .text          0x00000000001086b0       0xb6 binaries/ttyputc.o
                0x00000000001086b0                ttyputc
 .text          0x0000000000108766      0x113 binaries/ttyread.o
                0x0000000000108766                ttyread
 .text          0x0000000000108879       0x4f binaries/ttywrite.o
                0x0000000000108879                ttywrite
 .text          0x00000000001088c8      0x149 binaries/mount.o
                0x00000000001088c8                mount
                0x00000000001089db                namlen
 .text          0x0000000000108a11      0x20d binaries/naminit.o
                0x0000000000108a11                naminit
 .text          0x0000000000108c1e      0x216 binaries/nammap.o
                0x0000000000108c1e                nammap
                0x0000000000108caf                namrepl
                0x0000000000108de4                namcpy
 .text          0x0000000000108e34       0x55 binaries/namopen.o
                0x0000000000108e34                namopen
 .text          0x0000000000108e89      0x184 binaries/colon2mac.o
                0x0000000000108e89                colon2mac
 .text          0x000000000010900d       0x95 binaries/ethcontrol.o
                0x000000000010900d                ethcontrol
 .text          0x00000000001090a2      0x1ae binaries/ethhandler.o
                0x00000000001090a2                ethhandler
 .text          0x0000000000109250      0x779 binaries/ethinit.o
                0x0000000000109250                eth_phy_read
                0x00000000001092ba                eth_phy_write
                0x000000000010932e                eth_phy_reset
                0x0000000000109496                ethinit
 .text          0x00000000001099c9      0x199 binaries/ethmcast.o
                0x00000000001099c9                ethmcast_add
                0x0000000000109a4b                ethmcast_remove
 .text          0x0000000000109b62      0x199 binaries/ethread.o
                0x0000000000109b62                ethread
 .text          0x0000000000109cfb       0xef binaries/ethwrite.o
                0x0000000000109cfb                ethwrite
 .text          0x0000000000109dea       0x96 binaries/rdsbufalloc.o
                0x0000000000109dea                rdsbufalloc
 .text          0x0000000000109e80       0xcc binaries/rdsclose.o
                0x0000000000109e80                rdsclose
 .text          0x0000000000109f4c      0x2c4 binaries/rdscomm.o
                0x0000000000109f4c                rdscomm
 .text          0x000000000010a210      0x208 binaries/rdscontrol.o
                0x000000000010a210                rdscontrol
 .text          0x000000000010a418      0x196 binaries/rdsinit.o
                0x000000000010a418                rdsinit
 .text          0x000000000010a5ae      0x1af binaries/rdsopen.o
                0x000000000010a5ae                rdsopen
 .text          0x000000000010a75d      0x4e7 binaries/rdsprocess.o
                0x000000000010a75d                rdsprocess
 .text          0x000000000010ac44      0x22c binaries/rdsread.o
                0x000000000010ac44                rdsread
 .text          0x000000000010ae70      0x1cf binaries/rdswrite.o
                0x000000000010ae70                rdswrite
 .text          0x000000000010b03f        0xa binaries/ramclose.o
                0x000000000010b03f                ramclose
 .text          0x000000000010b049       0x45 binaries/raminit.o
                0x000000000010b049                raminit
 .text          0x000000000010b08e        0xa binaries/ramopen.o
                0x000000000010b08e                ramopen
 .text          0x000000000010b098       0x35 binaries/ramread.o
                0x000000000010b098                ramread
 .text          0x000000000010b0cd       0x36 binaries/ramwrite.o
                0x000000000010b0cd                ramwrite
 .text          0x000000000010b103       0x9e binaries/lfdballoc.o
                0x000000000010b103                lfdballoc
 .text          0x000000000010b1a1       0x60 binaries/lfdbfree.o
                0x000000000010b1a1                lfdbfree
 .text          0x000000000010b201       0xbf binaries/lfflush.o
                0x000000000010b201                lfflush
 .text          0x000000000010b2c0       0xd8 binaries/lfgetmode.o
                0x000000000010b2c0                lfgetmode
 .text          0x000000000010b398       0x6c binaries/lfiballoc.o
                0x000000000010b398                lfiballoc
 .text          0x000000000010b404       0x3b binaries/lfibclear.o
                0x000000000010b404                lfibclear
 .text          0x000000000010b43f       0xae binaries/lfibget.o
                0x000000000010b43f                lfibget
 .text          0x000000000010b4ed       0xe0 binaries/lfibput.o
                0x000000000010b4ed                lfibput
 .text          0x000000000010b5cd       0x93 binaries/lflclose.o
                0x000000000010b5cd                lflclose
 .text          0x000000000010b660       0xb5 binaries/lflcontrol.o
                0x000000000010b660                lflcontrol
 .text          0x000000000010b715       0xdf binaries/lflgetc.o
                0x000000000010b715                lflgetc
 .text          0x000000000010b7f4       0xfb binaries/lflinit.o
                0x000000000010b7f4                lflinit
 .text          0x000000000010b8ef      0x10f binaries/lflputc.o
                0x000000000010b8ef                lflputc
 .text          0x000000000010b9fe       0x6d binaries/lflread.o
                0x000000000010b9fe                lflread
 .text          0x000000000010ba6b       0x9c binaries/lflseek.o
                0x000000000010ba6b                lflseek
 .text          0x000000000010bb07       0x55 binaries/lflwrite.o
                0x000000000010bb07                lflwrite
 .text          0x000000000010bb5c      0x14b binaries/lfsckfmt.o
                0x000000000010bb5c                lfsckfmt
 .text          0x000000000010bca7      0x1ce binaries/lfscreate.o
                0x000000000010bca7                lfscreate
 .text          0x000000000010be75      0x282 binaries/lfsetup.o
                0x000000000010be75                lfsetup
 .text          0x000000000010c0f7       0x55 binaries/lfsinit.o
                0x000000000010c0f7                lfsinit
 .text          0x000000000010c14c      0x364 binaries/lfsopen.o
                0x000000000010c14c                lfsopen
 .text          0x000000000010c4b0      0x161 binaries/lftruncate.o
                0x000000000010c4b0                lftruncate
 .text          0x000000000010c611       0x65 binaries/rflclose.o
                0x000000000010c611                rflclose
 .text          0x000000000010c676       0x38 binaries/rflgetc.o
                0x000000000010c676                rflgetc
 .text          0x000000000010c6ae       0x76 binaries/rflinit.o
                0x000000000010c6ae                rflinit
 .text          0x000000000010c724       0x51 binaries/rflputc.o
                0x000000000010c724                rflputc
 .text          0x000000000010c775      0x345 binaries/rflread.o
                0x000000000010c775                rflread
 .text          0x000000000010caba       0x68 binaries/rflseek.o
                0x000000000010caba                rflseek
 .text          0x000000000010cb22      0x336 binaries/rflwrite.o
                0x000000000010cb22                rflwrite
 .text          0x000000000010ce58      0x1e5 binaries/rfscomm.o
                0x000000000010ce58                rfscomm
 .text          0x000000000010d03d      0x273 binaries/rfscontrol.o
                0x000000000010d03d                rfscontrol
 .text          0x000000000010d2b0       0xd8 binaries/rfsgetmode.o
                0x000000000010d2b0                rfsgetmode
 .text          0x000000000010d388       0x7c binaries/rfsinit.o
                0x000000000010d388                rfsinit
 .text          0x000000000010d404      0x128 binaries/rfsndmsg.o
                0x000000000010d404                rfsndmsg
 .text          0x000000000010d52c      0x28d binaries/rfsopen.o
                0x000000000010d52c                rfsopen
 .text          0x000000000010d7b9      0x855 binaries/arp.o
                0x000000000010d7b9                arp_init
                0x000000000010d7eb                arp_resolve
                0x000000000010dab8                arp_in
                0x000000000010dd6a                arp_alloc
                0x000000000010de36                arp_ntoh
                0x000000000010df22                arp_hton
 .text          0x000000000010e00e      0x7f9 binaries/dhcp.o
                0x000000000010e00e                dhcp_get_opt_val
                0x000000000010e067                dhcp_bld_bootp_msg
                0x000000000010e191                dhcp_bld_disc
                0x000000000010e263                dhcp_bld_req
                0x000000000010e3aa                getlocalip
 .text          0x000000000010e807       0xe6 binaries/dot2ip.o
                0x000000000010e807                dot2ip
 .text          0x000000000010e8ed      0x468 binaries/hexdump.o
                0x000000000010e8ed                hexdump
                0x000000000010ea70                hexadump
 .text          0x000000000010ed55      0x881 binaries/icmp.o
                0x000000000010ed55                icmp_init
                0x000000000010ed8b                icmp_in
                0x000000000010ef57                icmp_register
                0x000000000010f049                icmp_recv
                0x000000000010f1c2                icmp_send
                0x000000000010f257                icmp_mkpkt
                0x000000000010f372                icmp_release
                0x000000000010f462                icmp_cksum
                0x000000000010f4ee                icmp_hton
                0x000000000010f562                icmp_ntoh
 .text          0x000000000010f5d6      0x829 binaries/ip.o
                0x000000000010f5d6                ip_in
                0x000000000010f72e                ip_send
                0x000000000010f870                ip_local
                0x000000000010f8b3                ip_out
                0x000000000010f9e0                ipcksum
                0x000000000010fa66                ip_ntoh
                0x000000000010fb52                ip_hton
                0x000000000010fc3e                ipout
                0x000000000010fd60                ip_enqueue
 .text          0x000000000010fdff      0x248 binaries/net.o
                0x000000000010fdff                net_init
                0x000000000010ff47                netin
                0x000000000010fff3                eth_hton
                0x000000000011001d                eth_ntoh
 .text          0x0000000000110047      0x128 binaries/netstart.o
                0x0000000000110047                netstart
 .text          0x000000000011016f     0x1539 binaries/pdump.o
                0x000000000011016f                pdump
                0x0000000000110f8b                pdumph
 .text          0x00000000001116a8      0x672 binaries/tftp.o
                0x00000000001116a8                tftp_send1
                0x0000000000111838                tftpget
                0x000000000011187a                tftpget_mb
 .text          0x0000000000111d1a      0xb18 binaries/udp.o
                0x0000000000111d1a                udp_init
                0x0000000000111d4e                udp_in
                0x0000000000111e89                udp_register
                0x0000000000111fbd                udp_recv
                0x0000000000112143                udp_recvaddr
                0x00000000001122e1                udp_send
                0x00000000001124b8                udp_sendto
                0x000000000011265b                udp_release
                0x0000000000112748                udp_ntoh
                0x00000000001127bd                udp_hton
 .text          0x0000000000112832      0x134 binaries/addargs.o
                0x0000000000112832                addargs
 .text          0x0000000000112966      0x2c9 binaries/lexan.o
                0x0000000000112966                lexan
 .text          0x0000000000112c2f      0x6e7 binaries/shell.o
                0x0000000000112c2f                shell
 .text          0x0000000000113316       0x68 binaries/xsh_argecho.o
                0x0000000000113316                xsh_argecho
 .text          0x000000000011337e      0x23a binaries/xsh_arp.o
                0x000000000011337e                xsh_arp
 .text          0x00000000001135b8      0x23f binaries/xsh_cat.o
                0x00000000001135b8                xsh_cat
 .text          0x00000000001137f7       0x58 binaries/xsh_clear.o
                0x00000000001137f7                xsh_clear
 .text          0x000000000011384f      0x2db binaries/xsh_date.o
                0x000000000011384f                xsh_date
 .text          0x0000000000113b2a       0xaa binaries/xsh_devdump.o
                0x0000000000113b2a                xsh_devdump
 .text          0x0000000000113bd4       0x6c binaries/xsh_echo.o
                0x0000000000113bd4                xsh_echo
 .text          0x0000000000113c40        0xa binaries/xsh_exit.o
                0x0000000000113c40                xsh_exit
 .text          0x0000000000113c4a      0x366 binaries/xsh_help.o
                0x0000000000113c4a                xsh_help
 .text          0x0000000000113fb0      0x4c0 binaries/xsh_ipaddr.o
                0x0000000000113fb0                xsh_ipaddr
 .text          0x0000000000114470      0x22d binaries/xsh_kill.o
                0x0000000000114470                xsh_kill
 .text          0x000000000011469d      0x4d3 binaries/xsh_memdump.o
                0x000000000011469d                xsh_memdump
 .text          0x0000000000114b70      0x28f binaries/xsh_memstat.o
                0x0000000000114b70                xsh_memstat
 .text          0x0000000000114dff      0x375 binaries/xsh_ping.o
                0x0000000000114dff                xsh_ping
 .text          0x0000000000115174      0x257 binaries/xsh_ps.o
                0x0000000000115174                xsh_ps
 .text          0x00000000001153cb      0x20a binaries/xsh_sleep.o
                0x00000000001153cb                xsh_sleep
 .text          0x00000000001155d5      0x2b0 binaries/xsh_udpdump.o
                0x00000000001155d5                xsh_udpdump
 .text          0x0000000000115885      0x4b5 binaries/xsh_udpecho.o
                0x0000000000115885                xsh_udpecho
 .text          0x0000000000115d3a      0x2c0 binaries/xsh_udpeserver.o
                0x0000000000115d3a                xsh_udpeserver
 .text          0x0000000000115ffa      0x1db binaries/xsh_uptime.o
                0x0000000000115ffa                xsh_uptime
 .text          0x00000000001161d5       0x9b binaries/allocate_bs.o
                0x00000000001161d5                allocate_bs
 .text          0x0000000000116270       0x75 binaries/close_bs.o
                0x0000000000116270                close_bs
 .text          0x00000000001162e5       0xa0 binaries/deallocate_bs.o
                0x00000000001162e5                deallocate_bs
 .text          0x0000000000116385       0xd6 binaries/get_bs.o
                0x0000000000116385                get_bs
 .text          0x000000000011645b       0x75 binaries/open_bs.o
                0x000000000011645b                open_bs
 .text          0x00000000001164d0       0xfc binaries/psinit.o
                0x00000000001164d0                psinit
 .text          0x00000000001165cc      0x1d1 binaries/read_bs.o
                0x00000000001165cc                read_bs
 .text          0x000000000011679d       0xa2 binaries/release_bs.o
                0x000000000011679d                release_bs
 .text          0x000000000011683f      0x187 binaries/write_bs.o
                0x000000000011683f                write_bs
 .text          0x00000000001169c6        0xe binaries/clkdisp.o
                0x00000000001169c6                clkdisp
 .text          0x00000000001169d4       0x19 binaries/ctxsw.o
                0x00000000001169d4                ctxsw
 .text          0x00000000001169ed      0x368 binaries/intr.o
                0x00000000001169ed                disable
                0x00000000001169f6                restore
                0x0000000000116a04                enable
                0x0000000000116a06                pause
                0x0000000000116a0d                halt
                0x0000000000116a10                spurious_irq7
                0x0000000000116a15                spurious_irq15
                0x0000000000116a24                _Xint0
                0x0000000000116a2f                _Xint1
                0x0000000000116a3a                _Xint2
                0x0000000000116a45                _Xint3
                0x0000000000116a50                _Xint4
                0x0000000000116a5b                _Xint5
                0x0000000000116a66                _Xint6
                0x0000000000116a71                _Xint7
                0x0000000000116a7c                _Xint8
                0x0000000000116a87                _Xint9
                0x0000000000116a92                _Xint10
                0x0000000000116a9d                _Xint11
                0x0000000000116aab                _Xint12
                0x0000000000116ab9                _Xint13
                0x0000000000116ac7                _Xint14
                0x0000000000116ad5                _Xint15
                0x0000000000116ae3                _Xint16
                0x0000000000116af1                _Xint17
                0x0000000000116aff                _Xint18
                0x0000000000116b0d                _Xint19
                0x0000000000116b1b                _Xint20
                0x0000000000116b29                _Xint21
                0x0000000000116b37                _Xint22
                0x0000000000116b45                _Xint23
                0x0000000000116b53                _Xint24
                0x0000000000116b61                _Xint25
                0x0000000000116b6f                _Xint26
                0x0000000000116b7d                _Xint27
                0x0000000000116b8b                _Xint28
                0x0000000000116b99                _Xint29
                0x0000000000116ba7                _Xint30
                0x0000000000116bb5                _Xint31
                0x0000000000116bc3                _Xint32
                0x0000000000116bd1                _Xint33
                0x0000000000116bdf                _Xint34
                0x0000000000116bed                _Xint35
                0x0000000000116bfb                _Xint36
                0x0000000000116c09                _Xint37
                0x0000000000116c17                _Xint38
                0x0000000000116c25                _Xint39
                0x0000000000116c33                _Xint40
                0x0000000000116c41                _Xint41
                0x0000000000116c4f                _Xint42
                0x0000000000116c5d                _Xint43
                0x0000000000116c6b                _Xint44
                0x0000000000116c79                _Xint45
                0x0000000000116c87                _Xint46
                0x0000000000116c95                defevec
 .text          0x0000000000116d55        0xa binaries/pgfdisp.o
                0x0000000000116d55                pgfdisp
 .text          0x0000000000116d5f        0xf binaries/ttydispatch.o
                0x0000000000116d5f                ttydispatch
 .text          0x0000000000116d6e       0x13 binaries/ethdispatch.o
                0x0000000000116d6e                ethdispatch
 *(.rodata .rodata.*)
 *fill*         0x0000000000116d81        0x3 
 .rodata        0x0000000000116d84       0x8e binaries/ascdate.o
 .rodata        0x0000000000116e12       0x5f binaries/conf.o
 *fill*         0x0000000000116e71        0x3 
 .rodata        0x0000000000116e74       0x7f binaries/early_imr.o
 *fill*         0x0000000000116ef3        0x1 
 .rodata        0x0000000000116ef4      0x231 binaries/evec.o
 *fill*         0x0000000000117125        0x3 
 .rodata        0x0000000000117128       0x60 binaries/getutime.o
 .rodata        0x0000000000117188       0x30 binaries/helper_functions_paging.o
 .rodata        0x00000000001171b8      0x140 binaries/initialize.o
 .rodata        0x00000000001172f8       0x20 binaries/kill.o
 .rodata        0x0000000000117318       0x6e binaries/main.o
 .rodata        0x0000000000117386        0xf binaries/panic.o
 *fill*         0x0000000000117395        0x3 
 .rodata        0x0000000000117398       0xbc binaries/pgfhandler.o
 .rodata        0x0000000000117454       0x1c binaries/ptinit.o
 .rodata        0x0000000000117470       0x25 binaries/ptsend.o
 .rodata        0x0000000000117495       0x22 binaries/quark_pdat.o
 .rodata        0x00000000001174b7       0x15 binaries/resched.o
 .rodata        0x00000000001174cc       0xb7 binaries/stacktrace.o
 *fill*         0x0000000000117583        0x1 
 .rodata        0x0000000000117584       0x27 binaries/xdone.o
 *fill*         0x00000000001175ab       0x15 
 .rodata        0x00000000001175c0       0x81 binaries/ctype_.o
                0x00000000001175c0                _ctype_
 *fill*         0x0000000000117641        0x3 
 .rodata        0x0000000000117644       0xee binaries/doprnt.o
 *fill*         0x0000000000117732        0x2 
 .rodata        0x0000000000117734       0x98 binaries/doscan.o
 .rodata        0x00000000001177cc       0xae binaries/fdoprnt.o
 *fill*         0x000000000011787a        0x2 
 .rodata        0x000000000011787c       0x20 binaries/ttycontrol.o
 .rodata        0x000000000011789c       0x34 binaries/ttyhandler.o
 .rodata        0x00000000001178d0       0x80 binaries/naminit.o
 .rodata        0x0000000000117950       0x46 binaries/ethinit.o
 *fill*         0x0000000000117996        0x2 
 .rodata        0x0000000000117998       0x2c binaries/rdsbufalloc.o
 .rodata        0x00000000001179c4       0x76 binaries/rdscomm.o
 *fill*         0x0000000000117a3a        0x2 
 .rodata        0x0000000000117a3c       0x48 binaries/rdscontrol.o
 .rodata        0x0000000000117a84       0x6a binaries/rdsinit.o
 *fill*         0x0000000000117aee        0x2 
 .rodata        0x0000000000117af0       0x22 binaries/rdsopen.o
 *fill*         0x0000000000117b12        0x2 
 .rodata        0x0000000000117b14       0x4d binaries/rdsprocess.o
 .rodata        0x0000000000117b61        0x9 binaries/raminit.o
 *fill*         0x0000000000117b6a        0x2 
 .rodata        0x0000000000117b6c       0x37 binaries/lfdballoc.o
 .rodata        0x0000000000117ba3       0x14 binaries/lfiballoc.o
 *fill*         0x0000000000117bb7        0x1 
 .rodata        0x0000000000117bb8       0x23 binaries/lflcontrol.o
 *fill*         0x0000000000117bdb        0x1 
 .rodata        0x0000000000117bdc       0xb7 binaries/lfsckfmt.o
 *fill*         0x0000000000117c93        0x1 
 .rodata        0x0000000000117c94       0x21 binaries/rflread.o
 *fill*         0x0000000000117cb5        0x3 
 .rodata        0x0000000000117cb8       0x21 binaries/rflwrite.o
 *fill*         0x0000000000117cd9        0x3 
 .rodata        0x0000000000117cdc       0x75 binaries/rfscomm.o
 *fill*         0x0000000000117d51        0x3 
 .rodata        0x0000000000117d54       0x3c binaries/rfscontrol.o
 .rodata        0x0000000000117d90       0x67 binaries/rfsinit.o
 *fill*         0x0000000000117df7        0x1 
 .rodata        0x0000000000117df8       0x2a binaries/rfsndmsg.o
 *fill*         0x0000000000117e22        0x2 
 .rodata        0x0000000000117e24       0x22 binaries/rfsopen.o
 *fill*         0x0000000000117e46        0x2 
 .rodata        0x0000000000117e48       0x3a binaries/arp.o
 *fill*         0x0000000000117e82        0x2 
 .rodata        0x0000000000117e84       0xef binaries/dhcp.o
 *fill*         0x0000000000117f73        0x1 
 .rodata        0x0000000000117f74       0xc9 binaries/hexdump.o
 *fill*         0x000000000011803d        0x3 
 .rodata        0x0000000000118040       0x29 binaries/icmp.o
 *fill*         0x0000000000118069        0x3 
 .rodata        0x000000000011806c       0x6e binaries/ip.o
 *fill*         0x00000000001180da        0x2 
 .rodata        0x00000000001180dc       0x4f binaries/net.o
 *fill*         0x000000000011812b        0x1 
 .rodata        0x000000000011812c       0xcf binaries/netstart.o
 *fill*         0x00000000001181fb        0x1 
 .rodata        0x00000000001181fc      0x26f binaries/pdump.o
 *fill*         0x000000000011846b        0x1 
 .rodata        0x000000000011846c      0x154 binaries/tftp.o
 .rodata        0x00000000001185c0      0x3c5 binaries/shell.o
                0x0000000000118640                cmdtab
 .rodata        0x0000000000118985       0x28 binaries/xsh_argecho.o
 *fill*         0x00000000001189ad        0x3 
 .rodata        0x00000000001189b0      0x123 binaries/xsh_arp.o
 *fill*         0x0000000000118ad3        0x1 
 .rodata        0x0000000000118ad4       0xc9 binaries/xsh_cat.o
 .rodata        0x0000000000118b9d       0x15 binaries/xsh_clear.o
 *fill*         0x0000000000118bb2        0x2 
 .rodata        0x0000000000118bb4      0x1c3 binaries/xsh_date.o
 .rodata        0x0000000000118d77       0x5d binaries/xsh_devdump.o
 .rodata        0x0000000000118dd4        0x9 binaries/xsh_echo.o
 *fill*         0x0000000000118ddd        0x3 
 .rodata        0x0000000000118de0      0x169 binaries/xsh_help.o
 *fill*         0x0000000000118f49        0x3 
 .rodata        0x0000000000118f4c      0x194 binaries/xsh_ipaddr.o
 .rodata        0x00000000001190e0      0x12e binaries/xsh_kill.o
 *fill*         0x000000000011920e        0x2 
 .rodata        0x0000000000119210      0x252 binaries/xsh_memdump.o
 *fill*         0x0000000000119462        0x2 
 .rodata        0x0000000000119464      0x225 binaries/xsh_memstat.o
 *fill*         0x0000000000119689        0x3 
 .rodata        0x000000000011968c      0x175 binaries/xsh_ping.o
 *fill*         0x0000000000119801       0x1f 
 .rodata        0x0000000000119820      0x1e0 binaries/xsh_ps.o
 .rodata        0x0000000000119a00       0xeb binaries/xsh_sleep.o
 *fill*         0x0000000000119aeb        0x1 
 .rodata        0x0000000000119aec      0x1b8 binaries/xsh_udpdump.o
 .rodata        0x0000000000119ca4      0x215 binaries/xsh_udpecho.o
 *fill*         0x0000000000119eb9        0x3 
 .rodata        0x0000000000119ebc      0x12b binaries/xsh_udpeserver.o
 *fill*         0x0000000000119fe7        0x1 
 .rodata        0x0000000000119fe8      0x105 binaries/xsh_uptime.o
 *fill*         0x000000000011a0ed        0x3 
 .rodata        0x000000000011a0f0       0xb6 binaries/psinit.o
 *fill*         0x000000000011a1a6        0x2 
 .rodata        0x000000000011a1a8       0x75 binaries/read_bs.o
 *fill*         0x000000000011a21d        0x3 
 .rodata        0x000000000011a220       0x43 binaries/release_bs.o
 *fill*         0x000000000011a263        0x1 
 .rodata        0x000000000011a264       0x74 binaries/write_bs.o
                0x000000000011a2d8                etext = ABSOLUTE (.)
                0x000000000011b000                . = ALIGN (0x1000)
 *fill*         0x000000000011a2d8      0xd28 

.eh_frame       0x000000000011b000     0x2ff4
 .eh_frame      0x000000000011b000       0x40 binaries/ascdate.o
 .eh_frame      0x000000000011b040       0x20 binaries/bufinit.o
                                         0x38 (size before relaxing)
 .eh_frame      0x000000000011b060       0x20 binaries/chprio.o
                                         0x38 (size before relaxing)
 .eh_frame      0x000000000011b080       0x20 binaries/clkhandler.o
                                         0x38 (size before relaxing)
 .eh_frame      0x000000000011b0a0       0x20 binaries/clkinit.o
                                         0x38 (size before relaxing)
 .eh_frame      0x000000000011b0c0       0x20 binaries/close.o
                                         0x38 (size before relaxing)
 .eh_frame      0x000000000011b0e0       0x20 binaries/control.o
                                         0x38 (size before relaxing)
 .eh_frame      0x000000000011b100       0x40 binaries/create.o
                                         0x58 (size before relaxing)
 .eh_frame      0x000000000011b140      0x104 binaries/early_imr.o
                                        0x11c (size before relaxing)
 .eh_frame      0x000000000011b244       0x80 binaries/evec.o
                                         0x98 (size before relaxing)
 .eh_frame      0x000000000011b2c4       0x20 binaries/freebuf.o
                                         0x38 (size before relaxing)
 .eh_frame      0x000000000011b2e4       0x20 binaries/freemem.o
                                         0x38 (size before relaxing)
 .eh_frame      0x000000000011b304       0x20 binaries/getbuf.o
                                         0x38 (size before relaxing)
 .eh_frame      0x000000000011b324       0x20 binaries/getc.o
                                         0x38 (size before relaxing)
 .eh_frame      0x000000000011b344       0x20 binaries/getdev.o
                                         0x38 (size before relaxing)
 .eh_frame      0x000000000011b364       0x60 binaries/getitem.o
                                         0x78 (size before relaxing)
 .eh_frame      0x000000000011b3c4       0x20 binaries/getmem.o
                                         0x38 (size before relaxing)
 .eh_frame      0x000000000011b3e4       0x20 binaries/getpid.o
                                         0x38 (size before relaxing)
 .eh_frame      0x000000000011b404       0x20 binaries/getprio.o
                                         0x38 (size before relaxing)
 .eh_frame      0x000000000011b424       0x20 binaries/getstk.o
                                         0x38 (size before relaxing)
 .eh_frame      0x000000000011b444       0x20 binaries/gettime.o
                                         0x38 (size before relaxing)
 .eh_frame      0x000000000011b464       0x20 binaries/getutime.o
                                         0x38 (size before relaxing)
 .eh_frame      0x000000000011b484       0x40 binaries/helper_functions.o
                                         0x58 (size before relaxing)
 .eh_frame      0x000000000011b4c4      0x2a0 binaries/helper_functions_paging.o
                                        0x2b8 (size before relaxing)
 .eh_frame      0x000000000011b764       0x84 binaries/helper_functions_vmem.o
                                         0x9c (size before relaxing)
 .eh_frame      0x000000000011b7e8       0x20 binaries/init.o
                                         0x38 (size before relaxing)
 .eh_frame      0x000000000011b808       0x7c binaries/initialize.o
                                         0x94 (size before relaxing)
 .eh_frame      0x000000000011b884       0x20 binaries/init_paging.o
                                         0x38 (size before relaxing)
 .eh_frame      0x000000000011b8a4       0x20 binaries/insert.o
                                         0x38 (size before relaxing)
 .eh_frame      0x000000000011b8c4       0x20 binaries/insertd.o
                                         0x38 (size before relaxing)
 .eh_frame      0x000000000011b8e4       0x20 binaries/ioerr.o
                                         0x38 (size before relaxing)
 .eh_frame      0x000000000011b904       0x20 binaries/ionull.o
                                         0x38 (size before relaxing)
 .eh_frame      0x000000000011b924       0x20 binaries/kill.o
                                         0x38 (size before relaxing)
 .eh_frame      0x000000000011b944       0x80 binaries/kprintf.o
                                         0x98 (size before relaxing)
 .eh_frame      0x000000000011b9c4       0x20 binaries/main.o
                                         0x38 (size before relaxing)
 .eh_frame      0x000000000011b9e4       0x40 binaries/mark.o
                                         0x58 (size before relaxing)
 .eh_frame      0x000000000011ba24       0x40 binaries/meminit.o
                                         0x58 (size before relaxing)
 .eh_frame      0x000000000011ba64       0x20 binaries/mkbufpool.o
                                         0x38 (size before relaxing)
 .eh_frame      0x000000000011ba84       0x20 binaries/newqueue.o
                                         0x38 (size before relaxing)
 .eh_frame      0x000000000011baa4       0x20 binaries/open.o
                                         0x38 (size before relaxing)
 .eh_frame      0x000000000011bac4       0x1c binaries/panic.o
                                         0x34 (size before relaxing)
 .eh_frame      0x000000000011bae0      0x1c0 binaries/pci.o
                                        0x1d8 (size before relaxing)
 .eh_frame      0x000000000011bca0       0x20 binaries/pgfhandler.o
                                         0x38 (size before relaxing)
 .eh_frame      0x000000000011bcc0       0x20 binaries/platinit.o
                                         0x38 (size before relaxing)
 .eh_frame      0x000000000011bce0       0x20 binaries/ptclear.o
                                         0x38 (size before relaxing)
 .eh_frame      0x000000000011bd00       0x20 binaries/ptcount.o
                                         0x38 (size before relaxing)
 .eh_frame      0x000000000011bd20       0x20 binaries/ptcreate.o
                                         0x38 (size before relaxing)
 .eh_frame      0x000000000011bd40       0x20 binaries/ptdelete.o
                                         0x38 (size before relaxing)
 .eh_frame      0x000000000011bd60       0x20 binaries/ptinit.o
                                         0x38 (size before relaxing)
 .eh_frame      0x000000000011bd80       0x20 binaries/ptrecv.o
                                         0x38 (size before relaxing)
 .eh_frame      0x000000000011bda0       0x20 binaries/ptreset.o
                                         0x38 (size before relaxing)
 .eh_frame      0x000000000011bdc0       0x20 binaries/ptsend.o
                                         0x38 (size before relaxing)
 .eh_frame      0x000000000011bde0       0x20 binaries/putc.o
                                         0x38 (size before relaxing)
 .eh_frame      0x000000000011be00       0x20 binaries/quark_irq.o
                                         0x38 (size before relaxing)
 .eh_frame      0x000000000011be20       0x40 binaries/quark_pdat.o
                                         0x58 (size before relaxing)
 .eh_frame      0x000000000011be60       0x40 binaries/queue.o
                                         0x58 (size before relaxing)
 .eh_frame      0x000000000011bea0       0x20 binaries/read.o
                                         0x38 (size before relaxing)
 .eh_frame      0x000000000011bec0       0x24 binaries/ready.o
                                         0x3c (size before relaxing)
 .eh_frame      0x000000000011bee4       0x20 binaries/receive.o
                                         0x38 (size before relaxing)
 .eh_frame      0x000000000011bf04       0x20 binaries/recvclr.o
                                         0x38 (size before relaxing)
 .eh_frame      0x000000000011bf24       0x20 binaries/recvtime.o
                                         0x38 (size before relaxing)
 .eh_frame      0x000000000011bf44       0x40 binaries/resched.o
                                         0x58 (size before relaxing)
 .eh_frame      0x000000000011bf84       0x20 binaries/resume.o
                                         0x38 (size before relaxing)
 .eh_frame      0x000000000011bfa4       0x20 binaries/seek.o
                                         0x38 (size before relaxing)
 .eh_frame      0x000000000011bfc4       0x20 binaries/semcount.o
                                         0x38 (size before relaxing)
 .eh_frame      0x000000000011bfe4       0x40 binaries/semcreate.o
                                         0x58 (size before relaxing)
 .eh_frame      0x000000000011c024       0x20 binaries/semdelete.o
                                         0x38 (size before relaxing)
 .eh_frame      0x000000000011c044       0x20 binaries/semreset.o
                                         0x38 (size before relaxing)
 .eh_frame      0x000000000011c064       0x20 binaries/send.o
                                         0x38 (size before relaxing)
 .eh_frame      0x000000000011c084       0x20 binaries/signal.o
                                         0x38 (size before relaxing)
 .eh_frame      0x000000000011c0a4       0x20 binaries/signaln.o
                                         0x38 (size before relaxing)
 .eh_frame      0x000000000011c0c4       0x40 binaries/sleep.o
                                         0x58 (size before relaxing)
 .eh_frame      0x000000000011c104       0x20 binaries/stacktrace.o
                                         0x38 (size before relaxing)
 .eh_frame      0x000000000011c124       0x20 binaries/suspend.o
                                         0x38 (size before relaxing)
 .eh_frame      0x000000000011c144       0x20 binaries/unsleep.o
                                         0x38 (size before relaxing)
 .eh_frame      0x000000000011c164       0x20 binaries/userret.o
                                         0x38 (size before relaxing)
 .eh_frame      0x000000000011c184       0x20 binaries/vmhalloc.o
                                         0x38 (size before relaxing)
 .eh_frame      0x000000000011c1a4       0x20 binaries/vmhfreemem.o
                                         0x38 (size before relaxing)
 .eh_frame      0x000000000011c1c4       0x20 binaries/vmhgetmem.o
                                         0x38 (size before relaxing)
 .eh_frame      0x000000000011c1e4       0x20 binaries/wait.o
                                         0x38 (size before relaxing)
 .eh_frame      0x000000000011c204       0x20 binaries/wakeup.o
                                         0x38 (size before relaxing)
 .eh_frame      0x000000000011c224       0x20 binaries/write.o
                                         0x38 (size before relaxing)
 .eh_frame      0x000000000011c244       0x20 binaries/xdone.o
                                         0x38 (size before relaxing)
 .eh_frame      0x000000000011c264       0x20 binaries/yield.o
                                         0x38 (size before relaxing)
 .eh_frame      0x000000000011c284       0x20 binaries/abs.o
                                         0x38 (size before relaxing)
 .eh_frame      0x000000000011c2a4       0x20 binaries/atoi.o
                                         0x38 (size before relaxing)
 .eh_frame      0x000000000011c2c4       0x20 binaries/atol.o
                                         0x38 (size before relaxing)
 .eh_frame      0x000000000011c2e4       0x20 binaries/bzero.o
                                         0x38 (size before relaxing)
 .eh_frame      0x000000000011c304       0xc0 binaries/doprnt.o
                                         0xd8 (size before relaxing)
 .eh_frame      0x000000000011c3c4       0xb0 binaries/doscan.o
                                         0xc8 (size before relaxing)
 .eh_frame      0x000000000011c474       0xc0 binaries/fdoprnt.o
                                         0xd8 (size before relaxing)
 .eh_frame      0x000000000011c534       0x20 binaries/fgetc.o
                                         0x38 (size before relaxing)
 .eh_frame      0x000000000011c554       0x20 binaries/fgets.o
                                         0x38 (size before relaxing)
 .eh_frame      0x000000000011c574       0x20 binaries/fprintf.o
                                         0x38 (size before relaxing)
 .eh_frame      0x000000000011c594       0x20 binaries/fputc.o
                                         0x38 (size before relaxing)
 .eh_frame      0x000000000011c5b4       0x20 binaries/fputs.o
                                         0x38 (size before relaxing)
 .eh_frame      0x000000000011c5d4       0x60 binaries/fscanf.o
                                         0x78 (size before relaxing)
 .eh_frame      0x000000000011c634       0x20 binaries/getchar.o
                                         0x38 (size before relaxing)
 .eh_frame      0x000000000011c654       0x20 binaries/labs.o
                                         0x38 (size before relaxing)
 .eh_frame      0x000000000011c674       0x20 binaries/memchr.o
                                         0x38 (size before relaxing)
 .eh_frame      0x000000000011c694       0x20 binaries/memcmp.o
                                         0x38 (size before relaxing)
 .eh_frame      0x000000000011c6b4       0x24 binaries/memcpy.o
                                         0x3c (size before relaxing)
 .eh_frame      0x000000000011c6d8       0x24 binaries/memset.o
                                         0x3c (size before relaxing)
 .eh_frame      0x000000000011c6fc       0x20 binaries/printf.o
                                         0x38 (size before relaxing)
 .eh_frame      0x000000000011c71c       0x20 binaries/putchar.o
                                         0x38 (size before relaxing)
 .eh_frame      0x000000000011c73c       0xa8 binaries/qsort.o
                                         0xc0 (size before relaxing)
 .eh_frame      0x000000000011c7e4       0x40 binaries/rand.o
                                         0x58 (size before relaxing)
 .eh_frame      0x000000000011c824       0x40 binaries/sprintf.o
                                         0x58 (size before relaxing)
 .eh_frame      0x000000000011c864       0x60 binaries/sscanf.o
                                         0x78 (size before relaxing)
 .eh_frame      0x000000000011c8c4       0x20 binaries/strchr.o
                                         0x38 (size before relaxing)
 .eh_frame      0x000000000011c8e4       0x20 binaries/strcmp.o
                                         0x38 (size before relaxing)
 .eh_frame      0x000000000011c904       0x20 binaries/strcpy.o
                                         0x38 (size before relaxing)
 .eh_frame      0x000000000011c924       0x20 binaries/strlen.o
                                         0x38 (size before relaxing)
 .eh_frame      0x000000000011c944       0x20 binaries/strncat.o
                                         0x38 (size before relaxing)
 .eh_frame      0x000000000011c964       0x20 binaries/strncmp.o
                                         0x38 (size before relaxing)
 .eh_frame      0x000000000011c984       0x28 binaries/strncpy.o
                                         0x40 (size before relaxing)
 .eh_frame      0x000000000011c9ac       0x20 binaries/strnlen.o
                                         0x38 (size before relaxing)
 .eh_frame      0x000000000011c9cc       0x20 binaries/strrchr.o
                                         0x38 (size before relaxing)
 .eh_frame      0x000000000011c9ec       0x20 binaries/strstr.o
                                         0x38 (size before relaxing)
 .eh_frame      0x000000000011ca0c       0x20 binaries/ttycontrol.o
                                         0x38 (size before relaxing)
 .eh_frame      0x000000000011ca2c       0x20 binaries/ttygetc.o
                                         0x38 (size before relaxing)
 .eh_frame      0x000000000011ca4c       0x80 binaries/ttyhandle_in.o
                                         0x98 (size before relaxing)
 .eh_frame      0x000000000011cacc       0x20 binaries/ttyhandle_out.o
                                         0x38 (size before relaxing)
 .eh_frame      0x000000000011caec       0x20 binaries/ttyhandler.o
                                         0x38 (size before relaxing)
 .eh_frame      0x000000000011cb0c       0x20 binaries/ttyinit.o
                                         0x38 (size before relaxing)
 .eh_frame      0x000000000011cb2c       0x20 binaries/ttykickout.o
                                         0x38 (size before relaxing)
 .eh_frame      0x000000000011cb4c       0x20 binaries/ttyputc.o
                                         0x38 (size before relaxing)
 .eh_frame      0x000000000011cb6c       0x28 binaries/ttyread.o
                                         0x40 (size before relaxing)
 .eh_frame      0x000000000011cb94       0x20 binaries/ttywrite.o
                                         0x38 (size before relaxing)
 .eh_frame      0x000000000011cbb4       0x40 binaries/mount.o
                                         0x58 (size before relaxing)
 .eh_frame      0x000000000011cbf4       0x20 binaries/naminit.o
                                         0x38 (size before relaxing)
 .eh_frame      0x000000000011cc14       0x60 binaries/nammap.o
                                         0x78 (size before relaxing)
 .eh_frame      0x000000000011cc74       0x20 binaries/namopen.o
                                         0x38 (size before relaxing)
 .eh_frame      0x000000000011cc94       0x20 binaries/colon2mac.o
                                         0x38 (size before relaxing)
 .eh_frame      0x000000000011ccb4       0x20 binaries/ethcontrol.o
                                         0x38 (size before relaxing)
 .eh_frame      0x000000000011ccd4       0x20 binaries/ethhandler.o
                                         0x38 (size before relaxing)
 .eh_frame      0x000000000011ccf4       0xa0 binaries/ethinit.o
                                         0xb8 (size before relaxing)
 .eh_frame      0x000000000011cd94       0x40 binaries/ethmcast.o
                                         0x58 (size before relaxing)
 .eh_frame      0x000000000011cdd4       0x20 binaries/ethread.o
                                         0x38 (size before relaxing)
 .eh_frame      0x000000000011cdf4       0x20 binaries/ethwrite.o
                                         0x38 (size before relaxing)
 .eh_frame      0x000000000011ce14       0x20 binaries/rdsbufalloc.o
                                         0x38 (size before relaxing)
 .eh_frame      0x000000000011ce34       0x20 binaries/rdsclose.o
                                         0x38 (size before relaxing)
 .eh_frame      0x000000000011ce54       0x20 binaries/rdscomm.o
                                         0x38 (size before relaxing)
 .eh_frame      0x000000000011ce74       0x20 binaries/rdscontrol.o
                                         0x38 (size before relaxing)
 .eh_frame      0x000000000011ce94       0x20 binaries/rdsinit.o
                                         0x38 (size before relaxing)
 .eh_frame      0x000000000011ceb4       0x20 binaries/rdsopen.o
                                         0x38 (size before relaxing)
 .eh_frame      0x000000000011ced4       0x1c binaries/rdsprocess.o
                                         0x34 (size before relaxing)
 .eh_frame      0x000000000011cef0       0x20 binaries/rdsread.o
                                         0x38 (size before relaxing)
 .eh_frame      0x000000000011cf10       0x20 binaries/rdswrite.o
                                         0x38 (size before relaxing)
 .eh_frame      0x000000000011cf30       0x20 binaries/ramclose.o
                                         0x38 (size before relaxing)
 .eh_frame      0x000000000011cf50       0x20 binaries/raminit.o
                                         0x38 (size before relaxing)
 .eh_frame      0x000000000011cf70       0x20 binaries/ramopen.o
                                         0x38 (size before relaxing)
 .eh_frame      0x000000000011cf90       0x20 binaries/ramread.o
                                         0x38 (size before relaxing)
 .eh_frame      0x000000000011cfb0       0x20 binaries/ramwrite.o
                                         0x38 (size before relaxing)
 .eh_frame      0x000000000011cfd0       0x20 binaries/lfdballoc.o
                                         0x38 (size before relaxing)
 .eh_frame      0x000000000011cff0       0x20 binaries/lfdbfree.o
                                         0x38 (size before relaxing)
 .eh_frame      0x000000000011d010       0x20 binaries/lfflush.o
                                         0x38 (size before relaxing)
 .eh_frame      0x000000000011d030       0x20 binaries/lfgetmode.o
                                         0x38 (size before relaxing)
 .eh_frame      0x000000000011d050       0x20 binaries/lfiballoc.o
                                         0x38 (size before relaxing)
 .eh_frame      0x000000000011d070       0x20 binaries/lfibclear.o
                                         0x38 (size before relaxing)
 .eh_frame      0x000000000011d090       0x20 binaries/lfibget.o
                                         0x38 (size before relaxing)
 .eh_frame      0x000000000011d0b0       0x20 binaries/lfibput.o
                                         0x38 (size before relaxing)
 .eh_frame      0x000000000011d0d0       0x20 binaries/lflclose.o
                                         0x38 (size before relaxing)
 .eh_frame      0x000000000011d0f0       0x20 binaries/lflcontrol.o
                                         0x38 (size before relaxing)
 .eh_frame      0x000000000011d110       0x20 binaries/lflgetc.o
                                         0x38 (size before relaxing)
 .eh_frame      0x000000000011d130       0x20 binaries/lflinit.o
                                         0x38 (size before relaxing)
 .eh_frame      0x000000000011d150       0x20 binaries/lflputc.o
                                         0x38 (size before relaxing)
 .eh_frame      0x000000000011d170       0x20 binaries/lflread.o
                                         0x38 (size before relaxing)
 .eh_frame      0x000000000011d190       0x20 binaries/lflseek.o
                                         0x38 (size before relaxing)
 .eh_frame      0x000000000011d1b0       0x20 binaries/lflwrite.o
                                         0x38 (size before relaxing)
 .eh_frame      0x000000000011d1d0       0x20 binaries/lfsckfmt.o
                                         0x38 (size before relaxing)
 .eh_frame      0x000000000011d1f0       0x20 binaries/lfscreate.o
                                         0x38 (size before relaxing)
 .eh_frame      0x000000000011d210       0x20 binaries/lfsetup.o
                                         0x38 (size before relaxing)
 .eh_frame      0x000000000011d230       0x20 binaries/lfsinit.o
                                         0x38 (size before relaxing)
 .eh_frame      0x000000000011d250       0x20 binaries/lfsopen.o
                                         0x38 (size before relaxing)
 .eh_frame      0x000000000011d270       0x20 binaries/lftruncate.o
                                         0x38 (size before relaxing)
 .eh_frame      0x000000000011d290       0x20 binaries/rflclose.o
                                         0x38 (size before relaxing)
 .eh_frame      0x000000000011d2b0       0x20 binaries/rflgetc.o
                                         0x38 (size before relaxing)
 .eh_frame      0x000000000011d2d0       0x20 binaries/rflinit.o
                                         0x38 (size before relaxing)
 .eh_frame      0x000000000011d2f0       0x20 binaries/rflputc.o
                                         0x38 (size before relaxing)
 .eh_frame      0x000000000011d310       0x20 binaries/rflread.o
                                         0x38 (size before relaxing)
 .eh_frame      0x000000000011d330       0x20 binaries/rflseek.o
                                         0x38 (size before relaxing)
 .eh_frame      0x000000000011d350       0x20 binaries/rflwrite.o
                                         0x38 (size before relaxing)
 .eh_frame      0x000000000011d370       0x20 binaries/rfscomm.o
                                         0x38 (size before relaxing)
 .eh_frame      0x000000000011d390       0x20 binaries/rfscontrol.o
                                         0x38 (size before relaxing)
 .eh_frame      0x000000000011d3b0       0x20 binaries/rfsgetmode.o
                                         0x38 (size before relaxing)
 .eh_frame      0x000000000011d3d0       0x20 binaries/rfsinit.o
                                         0x38 (size before relaxing)
 .eh_frame      0x000000000011d3f0       0x20 binaries/rfsndmsg.o
                                         0x38 (size before relaxing)
 .eh_frame      0x000000000011d410       0x20 binaries/rfsopen.o
                                         0x38 (size before relaxing)
 .eh_frame      0x000000000011d430       0xc0 binaries/arp.o
                                         0xd8 (size before relaxing)
 .eh_frame      0x000000000011d4f0       0xa0 binaries/dhcp.o
                                         0xb8 (size before relaxing)
 .eh_frame      0x000000000011d590       0x20 binaries/dot2ip.o
                                         0x38 (size before relaxing)
 .eh_frame      0x000000000011d5b0       0x40 binaries/hexdump.o
                                         0x58 (size before relaxing)
 .eh_frame      0x000000000011d5f0      0x150 binaries/icmp.o
                                        0x168 (size before relaxing)
 .eh_frame      0x000000000011d740      0x11c binaries/ip.o
                                        0x134 (size before relaxing)
 .eh_frame      0x000000000011d85c       0x7c binaries/net.o
                                         0x94 (size before relaxing)
 .eh_frame      0x000000000011d8d8       0x30 binaries/netstart.o
                                         0x48 (size before relaxing)
 .eh_frame      0x000000000011d908       0x60 binaries/pdump.o
                                         0x78 (size before relaxing)
 .eh_frame      0x000000000011d968       0x60 binaries/tftp.o
                                         0x78 (size before relaxing)
 .eh_frame      0x000000000011d9c8      0x140 binaries/udp.o
                                        0x158 (size before relaxing)
 .eh_frame      0x000000000011db08       0x20 binaries/addargs.o
                                         0x38 (size before relaxing)
 .eh_frame      0x000000000011db28       0x20 binaries/lexan.o
                                         0x38 (size before relaxing)
 .eh_frame      0x000000000011db48       0x20 binaries/shell.o
                                         0x38 (size before relaxing)
 .eh_frame      0x000000000011db68       0x20 binaries/xsh_argecho.o
                                         0x38 (size before relaxing)
 .eh_frame      0x000000000011db88       0x40 binaries/xsh_arp.o
                                         0x58 (size before relaxing)
 .eh_frame      0x000000000011dbc8       0x20 binaries/xsh_cat.o
                                         0x38 (size before relaxing)
 .eh_frame      0x000000000011dbe8       0x20 binaries/xsh_clear.o
                                         0x38 (size before relaxing)
 .eh_frame      0x000000000011dc08       0x20 binaries/xsh_date.o
                                         0x38 (size before relaxing)
 .eh_frame      0x000000000011dc28       0x20 binaries/xsh_devdump.o
                                         0x38 (size before relaxing)
 .eh_frame      0x000000000011dc48       0x20 binaries/xsh_echo.o
                                         0x38 (size before relaxing)
 .eh_frame      0x000000000011dc68       0x20 binaries/xsh_exit.o
                                         0x38 (size before relaxing)
 .eh_frame      0x000000000011dc88       0x2c binaries/xsh_help.o
                                         0x44 (size before relaxing)
 .eh_frame      0x000000000011dcb4       0x30 binaries/xsh_ipaddr.o
                                         0x48 (size before relaxing)
 .eh_frame      0x000000000011dce4       0x20 binaries/xsh_kill.o
                                         0x38 (size before relaxing)
 .eh_frame      0x000000000011dd04       0x40 binaries/xsh_memdump.o
                                         0x58 (size before relaxing)
 .eh_frame      0x000000000011dd44       0x60 binaries/xsh_memstat.o
                                         0x78 (size before relaxing)
[...]
 .comment       0x0000000000000023       0x24 binaries/deallocate_bs.o
 .comment       0x0000000000000023       0x24 binaries/get_bs.o
 .comment       0x0000000000000023       0x24 binaries/open_bs.o
 .comment       0x0000000000000023       0x24 binaries/psinit.o
 .comment       0x0000000000000023       0x24 binaries/read_bs.o
 .comment       0x0000000000000023       0x24 binaries/release_bs.o
 .comment       0x0000000000000023       0x24 binaries/write_bs.o

.note.GNU-stack
                0x0000000000000000        0x0
 .note.GNU-stack
                0x0000000000000000        0x0 binaries/ascdate.o
 .note.GNU-stack
                0x0000000000000000        0x0 binaries/bufinit.o
 .note.GNU-stack
                0x0000000000000000        0x0 binaries/chprio.o
 .note.GNU-stack
                0x0000000000000000        0x0 binaries/clkhandler.o
 .note.GNU-stack
                0x0000000000000000        0x0 binaries/clkinit.o
 .note.GNU-stack
                0x0000000000000000        0x0 binaries/close.o
 .note.GNU-stack
                0x0000000000000000        0x0 binaries/conf.o
 .note.GNU-stack
                0x0000000000000000        0x0 binaries/control.o
 .note.GNU-stack
                0x0000000000000000        0x0 binaries/create.o
 .note.GNU-stack
                0x0000000000000000        0x0 binaries/early_imr.o
 .note.GNU-stack
                0x0000000000000000        0x0 binaries/evec.o
 .note.GNU-stack
                0x0000000000000000        0x0 binaries/freebuf.o
 .note.GNU-stack
                0x0000000000000000        0x0 binaries/freemem.o
 .note.GNU-stack
                0x0000000000000000        0x0 binaries/getbuf.o
 .note.GNU-stack
                0x0000000000000000        0x0 binaries/getc.o
 .note.GNU-stack
                0x0000000000000000        0x0 binaries/getdev.o
 .note.GNU-stack
                0x0000000000000000        0x0 binaries/getitem.o
 .note.GNU-stack
                0x0000000000000000        0x0 binaries/getmem.o
 .note.GNU-stack
                0x0000000000000000        0x0 binaries/getpid.o
 .note.GNU-stack
                0x0000000000000000        0x0 binaries/getprio.o
 .note.GNU-stack
                0x0000000000000000        0x0 binaries/getstk.o
 .note.GNU-stack
                0x0000000000000000        0x0 binaries/gettime.o
 .note.GNU-stack
                0x0000000000000000        0x0 binaries/getutime.o
 .note.GNU-stack
                0x0000000000000000        0x0 binaries/helper_functions.o
 .note.GNU-stack
                0x0000000000000000        0x0 binaries/helper_functions_paging.o
 .note.GNU-stack
                0x0000000000000000        0x0 binaries/helper_functions_vmem.o
 .note.GNU-stack
                0x0000000000000000        0x0 binaries/init.o
 .note.GNU-stack
                0x0000000000000000        0x0 binaries/initialize.o
 .note.GNU-stack
                0x0000000000000000        0x0 binaries/init_paging.o
 .note.GNU-stack
                0x0000000000000000        0x0 binaries/insert.o
 .note.GNU-stack
                0x0000000000000000        0x0 binaries/insertd.o
 .note.GNU-stack
                0x0000000000000000        0x0 binaries/ioerr.o
 .note.GNU-stack
                0x0000000000000000        0x0 binaries/ionull.o
 .note.GNU-stack
                0x0000000000000000        0x0 binaries/kill.o
 .note.GNU-stack
                0x0000000000000000        0x0 binaries/kprintf.o
 .note.GNU-stack
                0x0000000000000000        0x0 binaries/main.o
 .note.GNU-stack
                0x0000000000000000        0x0 binaries/mark.o
 .note.GNU-stack
                0x0000000000000000        0x0 binaries/meminit.o
 .note.GNU-stack
                0x0000000000000000        0x0 binaries/mkbufpool.o
 .note.GNU-stack
                0x0000000000000000        0x0 binaries/newqueue.o
 .note.GNU-stack
                0x0000000000000000        0x0 binaries/open.o
 .note.GNU-stack
                0x0000000000000000        0x0 binaries/panic.o
 .note.GNU-stack
                0x0000000000000000        0x0 binaries/pci.o
 .note.GNU-stack
                0x0000000000000000        0x0 binaries/pgfhandler.o
 .note.GNU-stack
                0x0000000000000000        0x0 binaries/platinit.o
 .note.GNU-stack
                0x0000000000000000        0x0 binaries/ptclear.o
 .note.GNU-stack
                0x0000000000000000        0x0 binaries/ptcount.o
 .note.GNU-stack
                0x0000000000000000        0x0 binaries/ptcreate.o
 .note.GNU-stack
                0x0000000000000000        0x0 binaries/ptdelete.o
 .note.GNU-stack
                0x0000000000000000        0x0 binaries/ptinit.o
 .note.GNU-stack
                0x0000000000000000        0x0 binaries/ptrecv.o
 .note.GNU-stack
                0x0000000000000000        0x0 binaries/ptreset.o
 .note.GNU-stack
                0x0000000000000000        0x0 binaries/ptsend.o
 .note.GNU-stack
                0x0000000000000000        0x0 binaries/putc.o
 .note.GNU-stack
                0x0000000000000000        0x0 binaries/quark_irq.o
 .note.GNU-stack
                0x0000000000000000        0x0 binaries/quark_pdat.o
 .note.GNU-stack
                0x0000000000000000        0x0 binaries/queue.o
 .note.GNU-stack
                0x0000000000000000        0x0 binaries/read.o
 .note.GNU-stack
                0x0000000000000000        0x0 binaries/ready.o
 .note.GNU-stack
                0x0000000000000000        0x0 binaries/receive.o
 .note.GNU-stack
                0x0000000000000000        0x0 binaries/recvclr.o
 .note.GNU-stack
                0x0000000000000000        0x0 binaries/recvtime.o
 .note.GNU-stack
                0x0000000000000000        0x0 binaries/resched.o
 .note.GNU-stack
                0x0000000000000000        0x0 binaries/resume.o
 .note.GNU-stack
                0x0000000000000000        0x0 binaries/seek.o
 .note.GNU-stack
                0x0000000000000000        0x0 binaries/semcount.o
 .note.GNU-stack
                0x0000000000000000        0x0 binaries/semcreate.o
 .note.GNU-stack
                0x0000000000000000        0x0 binaries/semdelete.o
 .note.GNU-stack
                0x0000000000000000        0x0 binaries/semreset.o
 .note.GNU-stack
                0x0000000000000000        0x0 binaries/send.o
 .note.GNU-stack
                0x0000000000000000        0x0 binaries/signal.o
 .note.GNU-stack
                0x0000000000000000        0x0 binaries/signaln.o
 .note.GNU-stack
                0x0000000000000000        0x0 binaries/sleep.o
 .note.GNU-stack
                0x0000000000000000        0x0 binaries/stacktrace.o
 .note.GNU-stack
                0x0000000000000000        0x0 binaries/suspend.o
 .note.GNU-stack
                0x0000000000000000        0x0 binaries/tests.o
 .note.GNU-stack
                0x0000000000000000        0x0 binaries/unsleep.o
 .note.GNU-stack
                0x0000000000000000        0x0 binaries/userret.o
 .note.GNU-stack
                0x0000000000000000        0x0 binaries/vmhalloc.o
 .note.GNU-stack
                0x0000000000000000        0x0 binaries/vmhfreemem.o
 .note.GNU-stack
                0x0000000000000000        0x0 binaries/vmhgetmem.o
 .note.GNU-stack
                0x0000000000000000        0x0 binaries/vmhgetstk.o
 .note.GNU-stack
                0x0000000000000000        0x0 binaries/wait.o
 .note.GNU-stack
                0x0000000000000000        0x0 binaries/wakeup.o
 .note.GNU-stack
                0x0000000000000000        0x0 binaries/write.o
 .note.GNU-stack
                0x0000000000000000        0x0 binaries/xdone.o
 .note.GNU-stack
                0x0000000000000000        0x0 binaries/yield.o
 .note.GNU-stack
                0x0000000000000000        0x0 binaries/abs.o
 .note.GNU-stack
                0x0000000000000000        0x0 binaries/atoi.o
 .note.GNU-stack
                0x0000000000000000        0x0 binaries/atol.o
 .note.GNU-stack
                0x0000000000000000        0x0 binaries/bzero.o
 .note.GNU-stack
                0x0000000000000000        0x0 binaries/ctype_.o
 .note.GNU-stack
                0x0000000000000000        0x0 binaries/doprnt.o
 .note.GNU-stack
                0x0000000000000000        0x0 binaries/doscan.o
 .note.GNU-stack
                0x0000000000000000        0x0 binaries/fdoprnt.o
 .note.GNU-stack
                0x0000000000000000        0x0 binaries/fgetc.o
 .note.GNU-stack
                0x0000000000000000        0x0 binaries/fgets.o
 .note.GNU-stack
                0x0000000000000000        0x0 binaries/fprintf.o
 .note.GNU-stack
                0x0000000000000000        0x0 binaries/fputc.o
 .note.GNU-stack
                0x0000000000000000        0x0 binaries/fputs.o
 .note.GNU-stack
                0x0000000000000000        0x0 binaries/fscanf.o
 .note.GNU-stack
                0x0000000000000000        0x0 binaries/getchar.o
 .note.GNU-stack
                0x0000000000000000        0x0 binaries/labs.o
 .note.GNU-stack
                0x0000000000000000        0x0 binaries/memchr.o
 .note.GNU-stack
                0x0000000000000000        0x0 binaries/memcmp.o
 .note.GNU-stack
                0x0000000000000000        0x0 binaries/memcpy.o
 .note.GNU-stack
                0x0000000000000000        0x0 binaries/memset.o
 .note.GNU-stack
                0x0000000000000000        0x0 binaries/printf.o
 .note.GNU-stack
                0x0000000000000000        0x0 binaries/putchar.o
 .note.GNU-stack
                0x0000000000000000        0x0 binaries/qsort.o
 .note.GNU-stack
                0x0000000000000000        0x0 binaries/rand.o
 .note.GNU-stack
                0x0000000000000000        0x0 binaries/sprintf.o
 .note.GNU-stack
                0x0000000000000000        0x0 binaries/sscanf.o
 .note.GNU-stack
                0x0000000000000000        0x0 binaries/strchr.o
 .note.GNU-stack
                0x0000000000000000        0x0 binaries/strcmp.o
 .note.GNU-stack
                0x0000000000000000        0x0 binaries/strcpy.o
 .note.GNU-stack
                0x0000000000000000        0x0 binaries/strlen.o
 .note.GNU-stack
                0x0000000000000000        0x0 binaries/strncat.o
 .note.GNU-stack
                0x0000000000000000        0x0 binaries/strncmp.o
 .note.GNU-stack
                0x0000000000000000        0x0 binaries/strncpy.o
 .note.GNU-stack
                0x0000000000000000        0x0 binaries/strnlen.o
 .note.GNU-stack
                0x0000000000000000        0x0 binaries/strrchr.o
 .note.GNU-stack
                0x0000000000000000        0x0 binaries/strstr.o
 .note.GNU-stack
                0x0000000000000000        0x0 binaries/ttycontrol.o
 .note.GNU-stack
                0x0000000000000000        0x0 binaries/ttygetc.o
 .note.GNU-stack
                0x0000000000000000        0x0 binaries/ttyhandle_in.o
 .note.GNU-stack
                0x0000000000000000        0x0 binaries/ttyhandle_out.o
 .note.GNU-stack
                0x0000000000000000        0x0 binaries/ttyhandler.o
 .note.GNU-stack
                0x0000000000000000        0x0 binaries/ttyinit.o
 .note.GNU-stack
                0x0000000000000000        0x0 binaries/ttykickout.o
 .note.GNU-stack
                0x0000000000000000        0x0 binaries/ttyputc.o
 .note.GNU-stack
                0x0000000000000000        0x0 binaries/ttyread.o
 .note.GNU-stack
                0x0000000000000000        0x0 binaries/ttywrite.o
 .note.GNU-stack
                0x0000000000000000        0x0 binaries/mount.o
 .note.GNU-stack
                0x0000000000000000        0x0 binaries/naminit.o
 .note.GNU-stack
                0x0000000000000000        0x0 binaries/nammap.o
 .note.GNU-stack
                0x0000000000000000        0x0 binaries/namopen.o
 .note.GNU-stack
                0x0000000000000000        0x0 binaries/colon2mac.o
 .note.GNU-stack
                0x0000000000000000        0x0 binaries/ethcontrol.o
 .note.GNU-stack
                0x0000000000000000        0x0 binaries/ethhandler.o
 .note.GNU-stack
                0x0000000000000000        0x0 binaries/ethinit.o
 .note.GNU-stack
                0x0000000000000000        0x0 binaries/ethmcast.o
 .note.GNU-stack
                0x0000000000000000        0x0 binaries/ethread.o
 .note.GNU-stack
                0x0000000000000000        0x0 binaries/ethwrite.o
 .note.GNU-stack
                0x0000000000000000        0x0 binaries/rdsbufalloc.o
 .note.GNU-stack
                0x0000000000000000        0x0 binaries/rdsclose.o
 .note.GNU-stack
                0x0000000000000000        0x0 binaries/rdscomm.o
 .note.GNU-stack
                0x0000000000000000        0x0 binaries/rdscontrol.o
 .note.GNU-stack
                0x0000000000000000        0x0 binaries/rdsinit.o
 .note.GNU-stack
                0x0000000000000000        0x0 binaries/rdsopen.o
 .note.GNU-stack
                0x0000000000000000        0x0 binaries/rdsprocess.o
 .note.GNU-stack
                0x0000000000000000        0x0 binaries/rdsread.o
 .note.GNU-stack
                0x0000000000000000        0x0 binaries/rdswrite.o
 .note.GNU-stack
                0x0000000000000000        0x0 binaries/ramclose.o
 .note.GNU-stack
                0x0000000000000000        0x0 binaries/raminit.o
 .note.GNU-stack
                0x0000000000000000        0x0 binaries/ramopen.o
 .note.GNU-stack
                0x0000000000000000        0x0 binaries/ramread.o
 .note.GNU-stack
                0x0000000000000000        0x0 binaries/ramwrite.o
 .note.GNU-stack
                0x0000000000000000        0x0 binaries/lfdballoc.o
 .note.GNU-stack
                0x0000000000000000        0x0 binaries/lfdbfree.o
 .note.GNU-stack
                0x0000000000000000        0x0 binaries/lfflush.o
 .note.GNU-stack
                0x0000000000000000        0x0 binaries/lfgetmode.o
 .note.GNU-stack
                0x0000000000000000        0x0 binaries/lfiballoc.o
 .note.GNU-stack
                0x0000000000000000        0x0 binaries/lfibclear.o
 .note.GNU-stack
                0x0000000000000000        0x0 binaries/lfibget.o
 .note.GNU-stack
                0x0000000000000000        0x0 binaries/lfibput.o
 .note.GNU-stack
                0x0000000000000000        0x0 binaries/lflclose.o
 .note.GNU-stack
                0x0000000000000000        0x0 binaries/lflcontrol.o
 .note.GNU-stack
                0x0000000000000000        0x0 binaries/lflgetc.o
 .note.GNU-stack
                0x0000000000000000        0x0 binaries/lflinit.o
 .note.GNU-stack
                0x0000000000000000        0x0 binaries/lflputc.o
 .note.GNU-stack
                0x0000000000000000        0x0 binaries/lflread.o
 .note.GNU-stack
                0x0000000000000000        0x0 binaries/lflseek.o
 .note.GNU-stack
                0x0000000000000000        0x0 binaries/lflwrite.o
 .note.GNU-stack
                0x0000000000000000        0x0 binaries/lfsckfmt.o
 .note.GNU-stack
                0x0000000000000000        0x0 binaries/lfscreate.o
 .note.GNU-stack
                0x0000000000000000        0x0 binaries/lfsetup.o
 .note.GNU-stack
                0x0000000000000000        0x0 binaries/lfsinit.o
 .note.GNU-stack
                0x0000000000000000        0x0 binaries/lfsopen.o
 .note.GNU-stack
                0x0000000000000000        0x0 binaries/lftruncate.o
 .note.GNU-stack
                0x0000000000000000        0x0 binaries/rflclose.o
 .note.GNU-stack
                0x0000000000000000        0x0 binaries/rflgetc.o
 .note.GNU-stack
                0x0000000000000000        0x0 binaries/rflinit.o
 .note.GNU-stack
                0x0000000000000000        0x0 binaries/rflputc.o
 .note.GNU-stack
                0x0000000000000000        0x0 binaries/rflread.o
 .note.GNU-stack
                0x0000000000000000        0x0 binaries/rflseek.o
 .note.GNU-stack
                0x0000000000000000        0x0 binaries/rflwrite.o
 .note.GNU-stack
                0x0000000000000000        0x0 binaries/rfscomm.o
 .note.GNU-stack
                0x0000000000000000        0x0 binaries/rfscontrol.o
 .note.GNU-stack
                0x0000000000000000        0x0 binaries/rfsgetmode.o
 .note.GNU-stack
                0x0000000000000000        0x0 binaries/rfsinit.o
 .note.GNU-stack
                0x0000000000000000        0x0 binaries/rfsndmsg.o
 .note.GNU-stack
                0x0000000000000000        0x0 binaries/rfsopen.o
 .note.GNU-stack
                0x0000000000000000        0x0 binaries/arp.o
 .note.GNU-stack
                0x0000000000000000        0x0 binaries/dhcp.o
 .note.GNU-stack
                0x0000000000000000        0x0 binaries/dot2ip.o
 .note.GNU-stack
                0x0000000000000000        0x0 binaries/hexdump.o
 .note.GNU-stack
                0x0000000000000000        0x0 binaries/icmp.o
 .note.GNU-stack
                0x0000000000000000        0x0 binaries/ip.o
 .note.GNU-stack
                0x0000000000000000        0x0 binaries/net.o
 .note.GNU-stack
                0x0000000000000000        0x0 binaries/netstart.o
 .note.GNU-stack
                0x0000000000000000        0x0 binaries/pdump.o
 .note.GNU-stack
                0x0000000000000000        0x0 binaries/tftp.o
 .note.GNU-stack
                0x0000000000000000        0x0 binaries/udp.o
 .note.GNU-stack
                0x0000000000000000        0x0 binaries/addargs.o
 .note.GNU-stack
                0x0000000000000000        0x0 binaries/lexan.o
 .note.GNU-stack
                0x0000000000000000        0x0 binaries/shell.o
 .note.GNU-stack
                0x0000000000000000        0x0 binaries/xsh_argecho.o
 .note.GNU-stack
                0x0000000000000000        0x0 binaries/xsh_arp.o
 .note.GNU-stack
                0x0000000000000000        0x0 binaries/xsh_cat.o
 .note.GNU-stack
                0x0000000000000000        0x0 binaries/xsh_clear.o
 .note.GNU-stack
                0x0000000000000000        0x0 binaries/xsh_date.o
 .note.GNU-stack
                0x0000000000000000        0x0 binaries/xsh_devdump.o
 .note.GNU-stack
                0x0000000000000000        0x0 binaries/xsh_echo.o
 .note.GNU-stack
                0x0000000000000000        0x0 binaries/xsh_exit.o
 .note.GNU-stack
                0x0000000000000000        0x0 binaries/xsh_help.o
 .note.GNU-stack
                0x0000000000000000        0x0 binaries/xsh_ipaddr.o
 .note.GNU-stack
                0x0000000000000000        0x0 binaries/xsh_kill.o
 .note.GNU-stack
                0x0000000000000000        0x0 binaries/xsh_memdump.o
 .note.GNU-stack
                0x0000000000000000        0x0 binaries/xsh_memstat.o
 .note.GNU-stack
                0x0000000000000000        0x0 binaries/xsh_ping.o
 .note.GNU-stack
                0x0000000000000000        0x0 binaries/xsh_ps.o
 .note.GNU-stack
                0x0000000000000000        0x0 binaries/xsh_sleep.o
 .note.GNU-stack
                0x0000000000000000        0x0 binaries/xsh_udpdump.o
 .note.GNU-stack
                0x0000000000000000        0x0 binaries/xsh_udpecho.o
 .note.GNU-stack
                0x0000000000000000        0x0 binaries/xsh_udpeserver.o
 .note.GNU-stack
                0x0000000000000000        0x0 binaries/xsh_uptime.o
 .note.GNU-stack
                0x0000000000000000        0x0 binaries/allocate_bs.o
 .note.GNU-stack
                0x0000000000000000        0x0 binaries/close_bs.o
 .note.GNU-stack
                0x0000000000000000        0x0 binaries/deallocate_bs.o
 .note.GNU-stack
                0x0000000000000000        0x0 binaries/get_bs.o
 .note.GNU-stack
                0x0000000000000000        0x0 binaries/open_bs.o
 .note.GNU-stack
                0x0000000000000000        0x0 binaries/psinit.o
 .note.GNU-stack
                0x0000000000000000        0x0 binaries/read_bs.o
 .note.GNU-stack
                0x0000000000000000        0x0 binaries/release_bs.o
 .note.GNU-stack
                0x0000000000000000        0x0 binaries/write_bs.o
