
Allocating common symbols
Common symbol       size              file

netbufpool          0x4               binaries/net.o
readylist           0x2               binaries/ready.o
rfltab              0x5a0             binaries/rflinit.o
sleepq              0x2               binaries/clkinit.o
PAGE_SERVER_STATUS  0x1               binaries/initialize.o
nnames              0x4               binaries/naminit.o
udptab              0x168             binaries/udp.o
minheap             0x4               binaries/meminit.o
marks               0x50              binaries/mark.o
currpid             0x4               binaries/initialize.o
Lf_data             0x20c             binaries/lfsinit.o
porttab             0x2d0             binaries/ptinit.o
girmask             0x2               binaries/evec.o
ttytab              0x10c             binaries/ttyinit.o
bs_sem              0x4               binaries/psinit.o
proctab             0x1c20            binaries/initialize.o
fHolderListE1       0x2000            binaries/initialize.o
prcount             0x4               binaries/initialize.o
lfltab              0xf00             binaries/lflinit.o
identityMapAddrList
                    0x28              binaries/initialize.o
rdstab              0x8c              binaries/rdsinit.o
ethertab            0x138             binaries/ethinit.o
NetData             0xa8              binaries/net.o
nmarks              0x4               binaries/mark.o
Defer               0x8               binaries/resched.o
semtab              0x4b0             binaries/initialize.o
maxheap             0x4               binaries/meminit.o
preempt             0x4               binaries/clkinit.o
buftab              0xf0              binaries/bufinit.o
Rf_data             0x18              binaries/rfsinit.o
mkmutex             0x4               binaries/mark.o
bstab               0x80              binaries/psinit.o
clktime             0x4               binaries/clkinit.o
arpcache            0x140             binaries/arp.o
icmptab             0x230             binaries/icmp.o
nbpools             0x4               binaries/bufinit.o
queuetab            0x980             binaries/queue.o
fHolderListD        0x1f40            binaries/initialize.o
ptnextid            0x4               binaries/ptinit.o
Ram                 0x19000           binaries/raminit.o
ipoqueue            0x2c              binaries/ip.o
bs_init_sem         0x4               binaries/initialize.o
memlist             0x8               binaries/initialize.o
nametab             0x19a0            binaries/naminit.o
ptfree              0x4               binaries/ptinit.o

Memory Configuration

Name             Origin             Length             Attributes
*default*        0x0000000000000000 0xffffffffffffffff

Linker script and memory map

                0x0000000000100000                physbase = 0x100000
                0x0000000000100000                . = physbase
                0x0000000000100000                . = ALIGN (0x1000)

.text           0x0000000000100000    0x1a000
                0x0000000000100000                text = ABSOLUTE (.)
 *(.text .text.*)
 .text          0x0000000000100000      0x148 binaries/start.o
                0x0000000000100024                start
                0x0000000000100096                inb
                0x000000000010009e                inw
                0x00000000001000a7                inl
                0x00000000001000af                outb
                0x00000000001000b9                outw
                0x00000000001000c4                outl
                0x00000000001000ce                _rtcin
                0x00000000001000d9                ___udivsi3
                0x00000000001000e4                ___divsi3
                0x00000000001000f0                sbzero
                0x0000000000100100                bcopy
                0x0000000000100114                insw
                0x000000000010012a                outsw
                0x0000000000100140                lidt
 .text          0x0000000000100148      0x405 binaries/ascdate.o
                0x0000000000100148                ascdate
 .text          0x000000000010054d       0x14 binaries/bufinit.o
                0x000000000010054d                bufinit
 .text          0x0000000000100561       0x87 binaries/chprio.o
                0x0000000000100561                chprio
 .text          0x00000000001005e8       0x96 binaries/clkhandler.o
                0x00000000001005e8                clkhandler
 .text          0x000000000010067e       0x89 binaries/clkinit.o
                0x000000000010067e                clkinit
 .text          0x0000000000100707       0x6a binaries/close.o
                0x0000000000100707                close
 .text          0x0000000000100771        0x0 binaries/conf.o
 .text          0x0000000000100771       0x7f binaries/control.o
                0x0000000000100771                control
 .text          0x00000000001007f0      0x35c binaries/create.o
                0x00000000001007f0                create
 .text          0x0000000000100b4c      0x35f binaries/early_imr.o
                0x0000000000100b4c                intel_cln_early_sb_read_reg
                0x0000000000100bd0                intel_cln_early_sb_write_reg
                0x0000000000100de8                remove_irm_protections
 .text          0x0000000000100eab      0x477 binaries/evec.o
                0x0000000000100eab                initevec
                0x0000000000100fc9                set_evec
                0x000000000010106b                setirmask
                0x00000000001010c5                trap
 .text          0x0000000000101322       0x82 binaries/freebuf.o
                0x0000000000101322                freebuf
 .text          0x00000000001013a4      0x167 binaries/freemem.o
                0x00000000001013a4                freemem
 .text          0x000000000010150b       0x80 binaries/getbuf.o
                0x000000000010150b                getbuf
 .text          0x000000000010158b       0x6a binaries/getc.o
                0x000000000010158b                getc
 .text          0x00000000001015f5       0x72 binaries/getdev.o
                0x00000000001015f5                getdev
 .text          0x0000000000101667       0xc8 binaries/getitem.o
                0x0000000000101667                getfirst
                0x00000000001016a8                getlast
                0x00000000001016eb                getitem
 .text          0x000000000010172f       0xfb binaries/getmem.o
                0x000000000010172f                getmem
 .text          0x000000000010182a        0xa binaries/getpid.o
                0x000000000010182a                getpid
 .text          0x0000000000101834       0x6f binaries/getprio.o
                0x0000000000101834                getprio
 .text          0x00000000001018a3       0xf2 binaries/getstk.o
                0x00000000001018a3                getstk
 .text          0x0000000000101995       0x36 binaries/gettime.o
                0x0000000000101995                gettime
 .text          0x00000000001019cb      0x1d8 binaries/getutime.o
                0x00000000001019cb                getutime
 .text          0x0000000000101ba3       0x4a binaries/helper_functions.o
                0x0000000000101ba3                get_page_faulted_addr_cr2
                0x0000000000101bbb                set_page_dir_addr_cr3
 .text          0x0000000000101bed      0x342 binaries/helper_functions_paging.o
                0x0000000000101bed                get_empty_frame_from_regionD
                0x0000000000101c52                get_empty_frame_from_regionE1
                0x0000000000101cb7                initialize_empty_page_directory
                0x0000000000101d62                initialize_empty_page_table
                0x0000000000101e0d                build_identity_map_entry
                0x0000000000101ecf                set_page_directory_entry
                0x0000000000101eff                set_page_table_entry
 .text          0x0000000000101f2f       0xe2 binaries/helper_functions_vmem.o
                0x0000000000101f2f                create_vmemblk_node
                0x0000000000101f6c                free_vmemblk_node
                0x0000000000101f87                setup_vmemlist
 .text          0x0000000000102011       0x6a binaries/init.o
                0x0000000000102011                init
 .text          0x000000000010207b      0x2dd binaries/initialize.o
                0x000000000010207b                nulluser
                0x0000000000102303                stop
                0x000000000010232a                delay
 .text          0x0000000000102358      0x107 binaries/init_paging.o
                0x0000000000102358                init_paging
 .text          0x000000000010245f       0xda binaries/insert.o
                0x000000000010245f                insert
 .text          0x0000000000102539      0x10c binaries/insertd.o
                0x0000000000102539                insertd
 .text          0x0000000000102645        0xa binaries/ioerr.o
                0x0000000000102645                ioerr
 .text          0x000000000010264f        0xa binaries/ionull.o
                0x000000000010264f                ionull
 .text          0x0000000000102659      0x17c binaries/kill.o
                0x0000000000102659                kill
 .text          0x00000000001027d5      0x12c binaries/kprintf.o
                0x00000000001027d5                console_init
                0x0000000000102828                kputc
                0x0000000000102882                kgetc
                0x00000000001028d4                kprintf
 .text          0x0000000000102901       0x21 binaries/main.o
                0x0000000000102901                main
 .text          0x0000000000102922       0xac binaries/mark.o
                0x0000000000102922                markinit
                0x0000000000102945                mark
 .text          0x00000000001029ce      0x14d binaries/meminit.o
                0x00000000001029ce                meminit
                0x0000000000102a52                setsegs
 .text          0x0000000000102b1b      0x144 binaries/mkbufpool.o
                0x0000000000102b1b                mkbufpool
 .text          0x0000000000102c5f       0x94 binaries/newqueue.o
                0x0000000000102c5f                newqueue
 .text          0x0000000000102cf3       0x78 binaries/open.o
                0x0000000000102cf3                open
 .text          0x0000000000102d6b       0x20 binaries/panic.o
                0x0000000000102d6b                panic
 .text          0x0000000000102d8b      0x47c binaries/pci.o
                0x0000000000102d8b                pci_init
                0x0000000000102e15                find_pci_device
                0x0000000000102f05                pci_read_config_byte
                0x0000000000102f71                pci_read_config_word
                0x0000000000102fdf                pci_read_config_dword
                0x000000000010304b                pci_write_config_byte
                0x00000000001030bb                pci_write_config_word
                0x000000000010312d                pci_write_config_dword
                0x0000000000103197                pci_get_dev_mmio_base_addr
 .text          0x0000000000103207       0xd1 binaries/pgfhandler.o
                0x0000000000103207                pgfhandler
 .text          0x00000000001032d8       0x64 binaries/platinit.o
                0x00000000001032d8                platinit
 .text          0x000000000010333c       0xe6 binaries/ptclear.o
                0x000000000010333c                _ptclear
 .text          0x0000000000103422       0x8f binaries/ptcount.o
                0x0000000000103422                ptcount
 .text          0x00000000001034b1      0x105 binaries/ptcreate.o
                0x00000000001034b1                ptcreate
 .text          0x00000000001035b6       0x80 binaries/ptdelete.o
                0x00000000001035b6                ptdelete
 .text          0x0000000000103636       0xb7 binaries/ptinit.o
                0x0000000000103636                ptinit
 .text          0x00000000001036ed      0x10a binaries/ptrecv.o
                0x00000000001036ed                ptrecv
 .text          0x00000000001037f7       0x78 binaries/ptreset.o
                0x00000000001037f7                ptreset
 .text          0x000000000010386f      0x128 binaries/ptsend.o
                0x000000000010386f                ptsend
 .text          0x0000000000103997       0x78 binaries/putc.o
                0x0000000000103997                putc
 .text          0x0000000000103a0f       0xdf binaries/quark_irq.o
                0x0000000000103a0f                quark_irq_routing
 .text          0x0000000000103aee      0x206 binaries/quark_pdat.o
                0x0000000000103aee                get_quark_pdat_entry_data_by_id
                0x0000000000103bea                get_quark_pdat_entry_data_by_desc
 .text          0x0000000000103cf4      0x105 binaries/queue.o
                0x0000000000103cf4                enqueue
                0x0000000000103d90                dequeue
 .text          0x0000000000103df9       0x78 binaries/read.o
                0x0000000000103df9                read
 .text          0x0000000000103e71       0x7c binaries/ready.o
                0x0000000000103e71                ready
 .text          0x0000000000103eed       0x5d binaries/receive.o
                0x0000000000103eed                receive
 .text          0x0000000000103f4a       0x59 binaries/recvclr.o
                0x0000000000103f4a                recvclr
 .text          0x0000000000103fa3       0xb8 binaries/recvtime.o
                0x0000000000103fa3                recvtime
 .text          0x000000000010405b      0x165 binaries/resched.o
                0x000000000010405b                resched
                0x000000000010414b                resched_cntl
 .text          0x00000000001041c0       0x9e binaries/resume.o
                0x00000000001041c0                resume
 .text          0x000000000010425e       0x71 binaries/seek.o
                0x000000000010425e                seek
 .text          0x00000000001042cf       0x69 binaries/semcount.o
                0x00000000001042cf                semcount
 .text          0x0000000000104338       0xcf binaries/semcreate.o
                0x0000000000104338                semcreate
 .text          0x0000000000104407       0xba binaries/semdelete.o
                0x0000000000104407                semdelete
 .text          0x00000000001044c1       0xbc binaries/semreset.o
                0x00000000001044c1                semreset
 .text          0x000000000010457d       0xde binaries/send.o
                0x000000000010457d                send
 .text          0x000000000010465b       0x97 binaries/signal.o
                0x000000000010465b                signal
 .text          0x00000000001046f2       0xc3 binaries/signaln.o
                0x00000000001046f2                signaln
 .text          0x00000000001047b5       0xd8 binaries/sleep.o
                0x00000000001047b5                sleep
                0x00000000001047f9                sleepms
 .text          0x000000000010488d      0x1bd binaries/stacktrace.o
                0x000000000010488d                stacktrace
 .text          0x0000000000104a4a       0xd4 binaries/suspend.o
                0x0000000000104a4a                suspend
 .text          0x0000000000104b1e       0xd6 binaries/unsleep.o
                0x0000000000104b1e                unsleep
 .text          0x0000000000104bf4       0x15 binaries/userret.o
                0x0000000000104bf4                userret
 .text          0x0000000000104c09       0x67 binaries/vmhalloc.o
                0x0000000000104c09                vmhalloc
 .text          0x0000000000104c70      0x1ed binaries/vmhfreemem.o
                0x0000000000104c70                vmhfreemem
 .text          0x0000000000104e5d      0x154 binaries/vmhgetmem.o
                0x0000000000104e5d                vmhgetmem
 .text          0x0000000000104fb1       0x63 binaries/vmhgetstk.o
                0x0000000000104fb1                vmhgetstk
 .text          0x0000000000105014       0xd1 binaries/wait.o
                0x0000000000105014                wait
 .text          0x00000000001050e5       0x68 binaries/wakeup.o
                0x00000000001050e5                wakeup
 .text          0x000000000010514d       0x78 binaries/write.o
                0x000000000010514d                write
 .text          0x00000000001051c5       0x19 binaries/xdone.o
                0x00000000001051c5                xdone
 .text          0x00000000001051de       0x25 binaries/yield.o
                0x00000000001051de                yield
 .text          0x0000000000105203       0x11 binaries/abs.o
                0x0000000000105203                abs
 .text          0x0000000000105214       0x8f binaries/atoi.o
                0x0000000000105214                atoi
 .text          0x00000000001052a3       0x8f binaries/atol.o
                0x00000000001052a3                atol
 .text          0x0000000000105332       0x31 binaries/bzero.o
                0x0000000000105332                bzero
 .text          0x0000000000105363        0x0 binaries/ctype_.o
 .text          0x0000000000105363      0x785 binaries/doprnt.o
                0x0000000000105363                _doprnt
 .text          0x0000000000105ae8      0x6a2 binaries/doscan.o
                0x0000000000105ae8                _doscan
 .text          0x000000000010618a      0x723 binaries/fdoprnt.o
                0x000000000010618a                _fdoprnt
 .text          0x00000000001068ad       0x26 binaries/fgetc.o
                0x00000000001068ad                fgetc
 .text          0x00000000001068d3       0x72 binaries/fgets.o
                0x00000000001068d3                fgets
 .text          0x0000000000106945       0x34 binaries/fprintf.o
                0x0000000000106945                fprintf
 .text          0x0000000000106979       0x2c binaries/fputc.o
                0x0000000000106979                fputc
 .text          0x00000000001069a5       0x43 binaries/fputs.o
                0x00000000001069a5                fputs
 .text          0x00000000001069e8       0x92 binaries/fscanf.o
                0x00000000001069e8                fscanf
 .text          0x0000000000106a7a       0x2a binaries/getchar.o
                0x0000000000106a7a                getchar
 .text          0x0000000000106aa4       0x11 binaries/labs.o
                0x0000000000106aa4                labs
 .text          0x0000000000106ab5       0x3a binaries/memchr.o
                0x0000000000106ab5                memchr
 .text          0x0000000000106aef       0x51 binaries/memcmp.o
                0x0000000000106aef                memcmp
 .text          0x0000000000106b40       0x3f binaries/memcpy.o
                0x0000000000106b40                memcpy
 .text          0x0000000000106b7f       0x30 binaries/memset.o
                0x0000000000106b7f                memset
 .text          0x0000000000106baf       0x4d binaries/printf.o
                0x0000000000106baf                printf
 .text          0x0000000000106bfc       0x31 binaries/putchar.o
                0x0000000000106bfc                putchar
 .text          0x0000000000106c2d      0x28c binaries/qsort.o
                0x0000000000106c2d                qsort
 .text          0x0000000000106eb9       0x5b binaries/rand.o
                0x0000000000106eb9                srand
                0x0000000000106ec6                rand
 .text          0x0000000000106f14       0x6f binaries/sprintf.o
                0x0000000000106f14                sprintf
 .text          0x0000000000106f83       0x7f binaries/sscanf.o
                0x0000000000106f83                sscanf
 .text          0x0000000000107002       0x3c binaries/strchr.o
                0x0000000000107002                strchr
 .text          0x000000000010703e       0x45 binaries/strcmp.o
                0x000000000010703e                strcmp
 .text          0x0000000000107083       0x27 binaries/strcpy.o
                0x0000000000107083                strcpy
 .text          0x00000000001070aa       0x26 binaries/strlen.o
                0x00000000001070aa                strlen
 .text          0x00000000001070d0       0x56 binaries/strncat.o
                0x00000000001070d0                strncat
 .text          0x0000000000107126       0x5e binaries/strncmp.o
                0x0000000000107126                strncmp
 .text          0x0000000000107184       0x4f binaries/strncpy.o
                0x0000000000107184                strncpy
 .text          0x00000000001071d3       0x2e binaries/strnlen.o
                0x00000000001071d3                strnlen
 .text          0x0000000000107201       0x45 binaries/strrchr.o
                0x0000000000107201                strrchr
 .text          0x0000000000107246       0x6d binaries/strstr.o
                0x0000000000107246                strstr
 .text          0x00000000001072b3       0xdc binaries/ttycontrol.o
                0x00000000001072b3                ttycontrol
 .text          0x000000000010738f       0x97 binaries/ttygetc.o
                0x000000000010738f                ttygetc
 .text          0x0000000000107426      0x736 binaries/ttyhandle_in.o
                0x0000000000107426                ttyhandle_in
 .text          0x0000000000107b5c      0x17b binaries/ttyhandle_out.o
                0x0000000000107b5c                ttyhandle_out
 .text          0x0000000000107cd7       0xbe binaries/ttyhandler.o
                0x0000000000107cd7                ttyhandler
 .text          0x0000000000107d95      0x1e1 binaries/ttyinit.o
                0x0000000000107d95                ttyinit
 .text          0x0000000000107f76       0x10 binaries/ttykickout.o
                0x0000000000107f76                ttykickout
 .text          0x0000000000107f86       0xb6 binaries/ttyputc.o
                0x0000000000107f86                ttyputc
 .text          0x000000000010803c      0x113 binaries/ttyread.o
                0x000000000010803c                ttyread
 .text          0x000000000010814f       0x4f binaries/ttywrite.o
                0x000000000010814f                ttywrite
 .text          0x000000000010819e      0x149 binaries/mount.o
                0x000000000010819e                mount
                0x00000000001082b1                namlen
 .text          0x00000000001082e7      0x20d binaries/naminit.o
                0x00000000001082e7                naminit
 .text          0x00000000001084f4      0x216 binaries/nammap.o
                0x00000000001084f4                nammap
                0x0000000000108585                namrepl
                0x00000000001086ba                namcpy
 .text          0x000000000010870a       0x55 binaries/namopen.o
                0x000000000010870a                namopen
 .text          0x000000000010875f      0x184 binaries/colon2mac.o
                0x000000000010875f                colon2mac
 .text          0x00000000001088e3       0x95 binaries/ethcontrol.o
                0x00000000001088e3                ethcontrol
 .text          0x0000000000108978      0x1ae binaries/ethhandler.o
                0x0000000000108978                ethhandler
 .text          0x0000000000108b26      0x779 binaries/ethinit.o
                0x0000000000108b26                eth_phy_read
                0x0000000000108b90                eth_phy_write
                0x0000000000108c04                eth_phy_reset
                0x0000000000108d6c                ethinit
 .text          0x000000000010929f      0x199 binaries/ethmcast.o
                0x000000000010929f                ethmcast_add
                0x0000000000109321                ethmcast_remove
 .text          0x0000000000109438      0x199 binaries/ethread.o
                0x0000000000109438                ethread
 .text          0x00000000001095d1       0xef binaries/ethwrite.o
                0x00000000001095d1                ethwrite
 .text          0x00000000001096c0       0x96 binaries/rdsbufalloc.o
                0x00000000001096c0                rdsbufalloc
 .text          0x0000000000109756       0xcc binaries/rdsclose.o
                0x0000000000109756                rdsclose
 .text          0x0000000000109822      0x2c4 binaries/rdscomm.o
                0x0000000000109822                rdscomm
 .text          0x0000000000109ae6      0x208 binaries/rdscontrol.o
                0x0000000000109ae6                rdscontrol
 .text          0x0000000000109cee      0x196 binaries/rdsinit.o
                0x0000000000109cee                rdsinit
 .text          0x0000000000109e84      0x1af binaries/rdsopen.o
                0x0000000000109e84                rdsopen
 .text          0x000000000010a033      0x4e7 binaries/rdsprocess.o
                0x000000000010a033                rdsprocess
 .text          0x000000000010a51a      0x22c binaries/rdsread.o
                0x000000000010a51a                rdsread
 .text          0x000000000010a746      0x1cf binaries/rdswrite.o
                0x000000000010a746                rdswrite
 .text          0x000000000010a915        0xa binaries/ramclose.o
                0x000000000010a915                ramclose
 .text          0x000000000010a91f       0x45 binaries/raminit.o
                0x000000000010a91f                raminit
 .text          0x000000000010a964        0xa binaries/ramopen.o
                0x000000000010a964                ramopen
 .text          0x000000000010a96e       0x35 binaries/ramread.o
                0x000000000010a96e                ramread
 .text          0x000000000010a9a3       0x36 binaries/ramwrite.o
                0x000000000010a9a3                ramwrite
 .text          0x000000000010a9d9       0x9e binaries/lfdballoc.o
                0x000000000010a9d9                lfdballoc
 .text          0x000000000010aa77       0x60 binaries/lfdbfree.o
                0x000000000010aa77                lfdbfree
 .text          0x000000000010aad7       0xbf binaries/lfflush.o
                0x000000000010aad7                lfflush
 .text          0x000000000010ab96       0xd8 binaries/lfgetmode.o
                0x000000000010ab96                lfgetmode
 .text          0x000000000010ac6e       0x6c binaries/lfiballoc.o
                0x000000000010ac6e                lfiballoc
 .text          0x000000000010acda       0x3b binaries/lfibclear.o
                0x000000000010acda                lfibclear
 .text          0x000000000010ad15       0xae binaries/lfibget.o
                0x000000000010ad15                lfibget
 .text          0x000000000010adc3       0xe0 binaries/lfibput.o
                0x000000000010adc3                lfibput
 .text          0x000000000010aea3       0x93 binaries/lflclose.o
                0x000000000010aea3                lflclose
 .text          0x000000000010af36       0xb5 binaries/lflcontrol.o
                0x000000000010af36                lflcontrol
 .text          0x000000000010afeb       0xdf binaries/lflgetc.o
                0x000000000010afeb                lflgetc
 .text          0x000000000010b0ca       0xfb binaries/lflinit.o
                0x000000000010b0ca                lflinit
 .text          0x000000000010b1c5      0x10f binaries/lflputc.o
                0x000000000010b1c5                lflputc
 .text          0x000000000010b2d4       0x6d binaries/lflread.o
                0x000000000010b2d4                lflread
 .text          0x000000000010b341       0x9c binaries/lflseek.o
                0x000000000010b341                lflseek
 .text          0x000000000010b3dd       0x55 binaries/lflwrite.o
                0x000000000010b3dd                lflwrite
 .text          0x000000000010b432      0x14b binaries/lfsckfmt.o
                0x000000000010b432                lfsckfmt
 .text          0x000000000010b57d      0x1ce binaries/lfscreate.o
                0x000000000010b57d                lfscreate
 .text          0x000000000010b74b      0x282 binaries/lfsetup.o
                0x000000000010b74b                lfsetup
 .text          0x000000000010b9cd       0x55 binaries/lfsinit.o
                0x000000000010b9cd                lfsinit
 .text          0x000000000010ba22      0x364 binaries/lfsopen.o
                0x000000000010ba22                lfsopen
 .text          0x000000000010bd86      0x161 binaries/lftruncate.o
                0x000000000010bd86                lftruncate
 .text          0x000000000010bee7       0x65 binaries/rflclose.o
                0x000000000010bee7                rflclose
 .text          0x000000000010bf4c       0x38 binaries/rflgetc.o
                0x000000000010bf4c                rflgetc
 .text          0x000000000010bf84       0x76 binaries/rflinit.o
                0x000000000010bf84                rflinit
 .text          0x000000000010bffa       0x51 binaries/rflputc.o
                0x000000000010bffa                rflputc
 .text          0x000000000010c04b      0x345 binaries/rflread.o
                0x000000000010c04b                rflread
 .text          0x000000000010c390       0x68 binaries/rflseek.o
                0x000000000010c390                rflseek
 .text          0x000000000010c3f8      0x336 binaries/rflwrite.o
                0x000000000010c3f8                rflwrite
 .text          0x000000000010c72e      0x1e5 binaries/rfscomm.o
                0x000000000010c72e                rfscomm
 .text          0x000000000010c913      0x273 binaries/rfscontrol.o
                0x000000000010c913                rfscontrol
 .text          0x000000000010cb86       0xd8 binaries/rfsgetmode.o
                0x000000000010cb86                rfsgetmode
 .text          0x000000000010cc5e       0x7c binaries/rfsinit.o
                0x000000000010cc5e                rfsinit
 .text          0x000000000010ccda      0x128 binaries/rfsndmsg.o
                0x000000000010ccda                rfsndmsg
 .text          0x000000000010ce02      0x28d binaries/rfsopen.o
                0x000000000010ce02                rfsopen
 .text          0x000000000010d08f      0x855 binaries/arp.o
                0x000000000010d08f                arp_init
                0x000000000010d0c1                arp_resolve
                0x000000000010d38e                arp_in
                0x000000000010d640                arp_alloc
                0x000000000010d70c                arp_ntoh
                0x000000000010d7f8                arp_hton
 .text          0x000000000010d8e4      0x7f9 binaries/dhcp.o
                0x000000000010d8e4                dhcp_get_opt_val
                0x000000000010d93d                dhcp_bld_bootp_msg
                0x000000000010da67                dhcp_bld_disc
                0x000000000010db39                dhcp_bld_req
                0x000000000010dc80                getlocalip
 .text          0x000000000010e0dd       0xe6 binaries/dot2ip.o
                0x000000000010e0dd                dot2ip
 .text          0x000000000010e1c3      0x468 binaries/hexdump.o
                0x000000000010e1c3                hexdump
                0x000000000010e346                hexadump
 .text          0x000000000010e62b      0x881 binaries/icmp.o
                0x000000000010e62b                icmp_init
                0x000000000010e661                icmp_in
                0x000000000010e82d                icmp_register
                0x000000000010e91f                icmp_recv
                0x000000000010ea98                icmp_send
                0x000000000010eb2d                icmp_mkpkt
                0x000000000010ec48                icmp_release
                0x000000000010ed38                icmp_cksum
                0x000000000010edc4                icmp_hton
                0x000000000010ee38                icmp_ntoh
 .text          0x000000000010eeac      0x829 binaries/ip.o
                0x000000000010eeac                ip_in
                0x000000000010f004                ip_send
                0x000000000010f146                ip_local
                0x000000000010f189                ip_out
                0x000000000010f2b6                ipcksum
                0x000000000010f33c                ip_ntoh
                0x000000000010f428                ip_hton
                0x000000000010f514                ipout
                0x000000000010f636                ip_enqueue
 .text          0x000000000010f6d5      0x248 binaries/net.o
                0x000000000010f6d5                net_init
                0x000000000010f81d                netin
                0x000000000010f8c9                eth_hton
                0x000000000010f8f3                eth_ntoh
 .text          0x000000000010f91d      0x128 binaries/netstart.o
                0x000000000010f91d                netstart
 .text          0x000000000010fa45     0x1539 binaries/pdump.o
                0x000000000010fa45                pdump
                0x0000000000110861                pdumph
 .text          0x0000000000110f7e      0x672 binaries/tftp.o
                0x0000000000110f7e                tftp_send1
                0x000000000011110e                tftpget
                0x0000000000111150                tftpget_mb
 .text          0x00000000001115f0      0xb18 binaries/udp.o
                0x00000000001115f0                udp_init
                0x0000000000111624                udp_in
                0x000000000011175f                udp_register
                0x0000000000111893                udp_recv
                0x0000000000111a19                udp_recvaddr
                0x0000000000111bb7                udp_send
                0x0000000000111d8e                udp_sendto
                0x0000000000111f31                udp_release
                0x000000000011201e                udp_ntoh
                0x0000000000112093                udp_hton
 .text          0x0000000000112108      0x134 binaries/addargs.o
                0x0000000000112108                addargs
 .text          0x000000000011223c      0x2c9 binaries/lexan.o
                0x000000000011223c                lexan
 .text          0x0000000000112505      0x6e7 binaries/shell.o
                0x0000000000112505                shell
 .text          0x0000000000112bec       0x68 binaries/xsh_argecho.o
                0x0000000000112bec                xsh_argecho
 .text          0x0000000000112c54      0x23a binaries/xsh_arp.o
                0x0000000000112c54                xsh_arp
 .text          0x0000000000112e8e      0x245 binaries/xsh_cat.o
                0x0000000000112e8e                xsh_cat
 .text          0x00000000001130d3       0x59 binaries/xsh_clear.o
                0x00000000001130d3                xsh_clear
 .text          0x000000000011312c      0x2e0 binaries/xsh_date.o
                0x000000000011312c                xsh_date
 .text          0x000000000011340c       0xab binaries/xsh_devdump.o
                0x000000000011340c                xsh_devdump
 .text          0x00000000001134b7       0x6c binaries/xsh_echo.o
                0x00000000001134b7                xsh_echo
 .text          0x0000000000113523        0xa binaries/xsh_exit.o
                0x0000000000113523                xsh_exit
 .text          0x000000000011352d      0x368 binaries/xsh_help.o
                0x000000000011352d                xsh_help
 .text          0x0000000000113895      0x4c4 binaries/xsh_ipaddr.o
                0x0000000000113895                xsh_ipaddr
 .text          0x0000000000113d59      0x232 binaries/xsh_kill.o
                0x0000000000113d59                xsh_kill
 .text          0x0000000000113f8b      0x4d9 binaries/xsh_memdump.o
                0x0000000000113f8b                xsh_memdump
 .text          0x0000000000114464      0x291 binaries/xsh_memstat.o
                0x0000000000114464                xsh_memstat
 .text          0x00000000001146f5      0x37d binaries/xsh_ping.o
                0x00000000001146f5                xsh_ping
 .text          0x0000000000114a72      0x259 binaries/xsh_ps.o
                0x0000000000114a72                xsh_ps
 .text          0x0000000000114ccb      0x20f binaries/xsh_sleep.o
                0x0000000000114ccb                xsh_sleep
 .text          0x0000000000114eda      0x2b2 binaries/xsh_udpdump.o
                0x0000000000114eda                xsh_udpdump
 .text          0x000000000011518c      0x4bf binaries/xsh_udpecho.o
                0x000000000011518c                xsh_udpecho
 .text          0x000000000011564b      0x2c6 binaries/xsh_udpeserver.o
                0x000000000011564b                xsh_udpeserver
 .text          0x0000000000115911      0x1dd binaries/xsh_uptime.o
                0x0000000000115911                xsh_uptime
 .text          0x0000000000115aee       0x9b binaries/allocate_bs.o
                0x0000000000115aee                allocate_bs
 .text          0x0000000000115b89       0x75 binaries/close_bs.o
                0x0000000000115b89                close_bs
 .text          0x0000000000115bfe       0xa0 binaries/deallocate_bs.o
                0x0000000000115bfe                deallocate_bs
 .text          0x0000000000115c9e       0xd6 binaries/get_bs.o
                0x0000000000115c9e                get_bs
 .text          0x0000000000115d74       0x75 binaries/open_bs.o
                0x0000000000115d74                open_bs
 .text          0x0000000000115de9       0xfc binaries/psinit.o
                0x0000000000115de9                psinit
 .text          0x0000000000115ee5      0x1d1 binaries/read_bs.o
                0x0000000000115ee5                read_bs
 .text          0x00000000001160b6       0xa2 binaries/release_bs.o
                0x00000000001160b6                release_bs
 .text          0x0000000000116158      0x187 binaries/write_bs.o
                0x0000000000116158                write_bs
 .text          0x00000000001162df        0xe binaries/clkdisp.o
                0x00000000001162df                clkdisp
 .text          0x00000000001162ed       0x19 binaries/ctxsw.o
                0x00000000001162ed                ctxsw
 .text          0x0000000000116306      0x368 binaries/intr.o
                0x0000000000116306                disable
                0x000000000011630f                restore
                0x000000000011631d                enable
                0x000000000011631f                pause
                0x0000000000116326                halt
                0x0000000000116329                spurious_irq7
                0x000000000011632e                spurious_irq15
                0x000000000011633d                _Xint0
                0x0000000000116348                _Xint1
                0x0000000000116353                _Xint2
                0x000000000011635e                _Xint3
                0x0000000000116369                _Xint4
                0x0000000000116374                _Xint5
                0x000000000011637f                _Xint6
                0x000000000011638a                _Xint7
                0x0000000000116395                _Xint8
                0x00000000001163a0                _Xint9
                0x00000000001163ab                _Xint10
                0x00000000001163b6                _Xint11
                0x00000000001163c4                _Xint12
                0x00000000001163d2                _Xint13
                0x00000000001163e0                _Xint14
                0x00000000001163ee                _Xint15
                0x00000000001163fc                _Xint16
                0x000000000011640a                _Xint17
                0x0000000000116418                _Xint18
                0x0000000000116426                _Xint19
                0x0000000000116434                _Xint20
                0x0000000000116442                _Xint21
                0x0000000000116450                _Xint22
                0x000000000011645e                _Xint23
                0x000000000011646c                _Xint24
                0x000000000011647a                _Xint25
                0x0000000000116488                _Xint26
                0x0000000000116496                _Xint27
                0x00000000001164a4                _Xint28
                0x00000000001164b2                _Xint29
                0x00000000001164c0                _Xint30
                0x00000000001164ce                _Xint31
                0x00000000001164dc                _Xint32
                0x00000000001164ea                _Xint33
                0x00000000001164f8                _Xint34
                0x0000000000116506                _Xint35
                0x0000000000116514                _Xint36
                0x0000000000116522                _Xint37
                0x0000000000116530                _Xint38
                0x000000000011653e                _Xint39
                0x000000000011654c                _Xint40
                0x000000000011655a                _Xint41
                0x0000000000116568                _Xint42
                0x0000000000116576                _Xint43
                0x0000000000116584                _Xint44
                0x0000000000116592                _Xint45
                0x00000000001165a0                _Xint46
                0x00000000001165ae                defevec
 .text          0x000000000011666e        0xe binaries/pgfdisp.o
                0x000000000011666e                pgfdisp
 .text          0x000000000011667c        0xf binaries/ttydispatch.o
                0x000000000011667c                ttydispatch
 .text          0x000000000011668b       0x13 binaries/ethdispatch.o
                0x000000000011668b                ethdispatch
 *(.rodata .rodata.*)
 *fill*         0x000000000011669e        0x2 
 .rodata        0x00000000001166a0       0x8e binaries/ascdate.o
 .rodata        0x000000000011672e       0x5f binaries/conf.o
 *fill*         0x000000000011678d        0x3 
 .rodata        0x0000000000116790       0x7f binaries/early_imr.o
 *fill*         0x000000000011680f        0x1 
 .rodata        0x0000000000116810      0x231 binaries/evec.o
 *fill*         0x0000000000116a41        0x3 
 .rodata        0x0000000000116a44       0x60 binaries/getutime.o
 .rodata        0x0000000000116aa4      0x133 binaries/initialize.o
 *fill*         0x0000000000116bd7        0x1 
 .rodata        0x0000000000116bd8       0x20 binaries/kill.o
 .rodata        0x0000000000116bf8        0xd binaries/main.o
 .rodata        0x0000000000116c05        0xf binaries/panic.o
 .rodata        0x0000000000116c14       0x1c binaries/ptinit.o
 .rodata        0x0000000000116c30       0x25 binaries/ptsend.o
 .rodata        0x0000000000116c55       0x22 binaries/quark_pdat.o
 *fill*         0x0000000000116c77        0x1 
 .rodata        0x0000000000116c78       0xb7 binaries/stacktrace.o
 *fill*         0x0000000000116d2f        0x1 
 .rodata        0x0000000000116d30       0x27 binaries/xdone.o
 *fill*         0x0000000000116d57        0x9 
 .rodata        0x0000000000116d60       0x81 binaries/ctype_.o
                0x0000000000116d60                _ctype_
 *fill*         0x0000000000116de1        0x3 
 .rodata        0x0000000000116de4       0xee binaries/doprnt.o
 *fill*         0x0000000000116ed2        0x2 
 .rodata        0x0000000000116ed4       0x98 binaries/doscan.o
 .rodata        0x0000000000116f6c       0xae binaries/fdoprnt.o
 *fill*         0x000000000011701a        0x2 
 .rodata        0x000000000011701c       0x20 binaries/ttycontrol.o
 .rodata        0x000000000011703c       0x34 binaries/ttyhandler.o
 .rodata        0x0000000000117070       0x80 binaries/naminit.o
 .rodata        0x00000000001170f0       0x46 binaries/ethinit.o
 *fill*         0x0000000000117136        0x2 
 .rodata        0x0000000000117138       0x2c binaries/rdsbufalloc.o
 .rodata        0x0000000000117164       0x76 binaries/rdscomm.o
 *fill*         0x00000000001171da        0x2 
 .rodata        0x00000000001171dc       0x48 binaries/rdscontrol.o
 .rodata        0x0000000000117224       0x6a binaries/rdsinit.o
 *fill*         0x000000000011728e        0x2 
 .rodata        0x0000000000117290       0x22 binaries/rdsopen.o
 *fill*         0x00000000001172b2        0x2 
 .rodata        0x00000000001172b4       0x4d binaries/rdsprocess.o
 .rodata        0x0000000000117301        0x9 binaries/raminit.o
 *fill*         0x000000000011730a        0x2 
 .rodata        0x000000000011730c       0x37 binaries/lfdballoc.o
 .rodata        0x0000000000117343       0x14 binaries/lfiballoc.o
 *fill*         0x0000000000117357        0x1 
 .rodata        0x0000000000117358       0x23 binaries/lflcontrol.o
 *fill*         0x000000000011737b        0x1 
 .rodata        0x000000000011737c       0xb7 binaries/lfsckfmt.o
 *fill*         0x0000000000117433        0x1 
 .rodata        0x0000000000117434       0x21 binaries/rflread.o
 *fill*         0x0000000000117455        0x3 
 .rodata        0x0000000000117458       0x21 binaries/rflwrite.o
 *fill*         0x0000000000117479        0x3 
 .rodata        0x000000000011747c       0x75 binaries/rfscomm.o
 *fill*         0x00000000001174f1        0x3 
 .rodata        0x00000000001174f4       0x3c binaries/rfscontrol.o
 .rodata        0x0000000000117530       0x67 binaries/rfsinit.o
 *fill*         0x0000000000117597        0x1 
 .rodata        0x0000000000117598       0x2a binaries/rfsndmsg.o
 *fill*         0x00000000001175c2        0x2 
 .rodata        0x00000000001175c4       0x22 binaries/rfsopen.o
 *fill*         0x00000000001175e6        0x2 
 .rodata        0x00000000001175e8       0x3a binaries/arp.o
 *fill*         0x0000000000117622        0x2 
 .rodata        0x0000000000117624       0xef binaries/dhcp.o
 *fill*         0x0000000000117713        0x1 
 .rodata        0x0000000000117714       0xc9 binaries/hexdump.o
 *fill*         0x00000000001177dd        0x3 
 .rodata        0x00000000001177e0       0x29 binaries/icmp.o
 *fill*         0x0000000000117809        0x3 
 .rodata        0x000000000011780c       0x6e binaries/ip.o
 *fill*         0x000000000011787a        0x2 
 .rodata        0x000000000011787c       0x4f binaries/net.o
 *fill*         0x00000000001178cb        0x1 
 .rodata        0x00000000001178cc       0xcf binaries/netstart.o
 *fill*         0x000000000011799b        0x1 
 .rodata        0x000000000011799c      0x26f binaries/pdump.o
 *fill*         0x0000000000117c0b        0x1 
 .rodata        0x0000000000117c0c      0x154 binaries/tftp.o
 .rodata        0x0000000000117d60      0x3c5 binaries/shell.o
                0x0000000000117de0                cmdtab
 .rodata        0x0000000000118125       0x28 binaries/xsh_argecho.o
 *fill*         0x000000000011814d        0x3 
 .rodata        0x0000000000118150      0x123 binaries/xsh_arp.o
 *fill*         0x0000000000118273        0x1 
 .rodata        0x0000000000118274       0xc9 binaries/xsh_cat.o
 .rodata        0x000000000011833d       0x15 binaries/xsh_clear.o
 *fill*         0x0000000000118352        0x2 
 .rodata        0x0000000000118354      0x1c3 binaries/xsh_date.o
 .rodata        0x0000000000118517       0x5d binaries/xsh_devdump.o
 .rodata        0x0000000000118574        0x9 binaries/xsh_echo.o
 *fill*         0x000000000011857d        0x3 
 .rodata        0x0000000000118580      0x169 binaries/xsh_help.o
 *fill*         0x00000000001186e9        0x3 
 .rodata        0x00000000001186ec      0x194 binaries/xsh_ipaddr.o
 .rodata        0x0000000000118880      0x12e binaries/xsh_kill.o
 *fill*         0x00000000001189ae        0x2 
 .rodata        0x00000000001189b0      0x252 binaries/xsh_memdump.o
 *fill*         0x0000000000118c02        0x2 
 .rodata        0x0000000000118c04      0x225 binaries/xsh_memstat.o
 *fill*         0x0000000000118e29        0x3 
 .rodata        0x0000000000118e2c      0x175 binaries/xsh_ping.o
 *fill*         0x0000000000118fa1       0x1f 
 .rodata        0x0000000000118fc0      0x1e0 binaries/xsh_ps.o
 .rodata        0x00000000001191a0       0xeb binaries/xsh_sleep.o
 *fill*         0x000000000011928b        0x1 
 .rodata        0x000000000011928c      0x1b8 binaries/xsh_udpdump.o
 .rodata        0x0000000000119444      0x215 binaries/xsh_udpecho.o
 *fill*         0x0000000000119659        0x3 
 .rodata        0x000000000011965c      0x12b binaries/xsh_udpeserver.o
 *fill*         0x0000000000119787        0x1 
 .rodata        0x0000000000119788      0x105 binaries/xsh_uptime.o
 *fill*         0x000000000011988d        0x3 
 .rodata        0x0000000000119890       0xb6 binaries/psinit.o
 *fill*         0x0000000000119946        0x2 
 .rodata        0x0000000000119948       0x75 binaries/read_bs.o
 *fill*         0x00000000001199bd        0x3 
 .rodata        0x00000000001199c0       0x43 binaries/release_bs.o
 *fill*         0x0000000000119a03        0x1 
 .rodata        0x0000000000119a04       0x74 binaries/write_bs.o
                0x0000000000119a78                etext = ABSOLUTE (.)
                0x000000000011a000                . = ALIGN (0x1000)
 *fill*         0x0000000000119a78      0x588 

.eh_frame       0x000000000011a000     0x2e34
 .eh_frame      0x000000000011a000       0x40 binaries/ascdate.o
 .eh_frame      0x000000000011a040       0x20 binaries/bufinit.o
                                         0x38 (size before relaxing)
 .eh_frame      0x000000000011a060       0x20 binaries/chprio.o
                                         0x38 (size before relaxing)
 .eh_frame      0x000000000011a080       0x20 binaries/clkhandler.o
                                         0x38 (size before relaxing)
 .eh_frame      0x000000000011a0a0       0x20 binaries/clkinit.o
                                         0x38 (size before relaxing)
 .eh_frame      0x000000000011a0c0       0x20 binaries/close.o
                                         0x38 (size before relaxing)
 .eh_frame      0x000000000011a0e0       0x20 binaries/control.o
                                         0x38 (size before relaxing)
 .eh_frame      0x000000000011a100       0x40 binaries/create.o
                                         0x58 (size before relaxing)
 .eh_frame      0x000000000011a140      0x104 binaries/early_imr.o
                                        0x11c (size before relaxing)
 .eh_frame      0x000000000011a244       0x80 binaries/evec.o
                                         0x98 (size before relaxing)
 .eh_frame      0x000000000011a2c4       0x20 binaries/freebuf.o
                                         0x38 (size before relaxing)
 .eh_frame      0x000000000011a2e4       0x20 binaries/freemem.o
                                         0x38 (size before relaxing)
 .eh_frame      0x000000000011a304       0x20 binaries/getbuf.o
                                         0x38 (size before relaxing)
 .eh_frame      0x000000000011a324       0x20 binaries/getc.o
                                         0x38 (size before relaxing)
 .eh_frame      0x000000000011a344       0x20 binaries/getdev.o
                                         0x38 (size before relaxing)
 .eh_frame      0x000000000011a364       0x60 binaries/getitem.o
                                         0x78 (size before relaxing)
 .eh_frame      0x000000000011a3c4       0x20 binaries/getmem.o
                                         0x38 (size before relaxing)
 .eh_frame      0x000000000011a3e4       0x20 binaries/getpid.o
                                         0x38 (size before relaxing)
 .eh_frame      0x000000000011a404       0x20 binaries/getprio.o
                                         0x38 (size before relaxing)
 .eh_frame      0x000000000011a424       0x20 binaries/getstk.o
                                         0x38 (size before relaxing)
 .eh_frame      0x000000000011a444       0x20 binaries/gettime.o
                                         0x38 (size before relaxing)
 .eh_frame      0x000000000011a464       0x20 binaries/getutime.o
                                         0x38 (size before relaxing)
 .eh_frame      0x000000000011a484       0x40 binaries/helper_functions.o
                                         0x58 (size before relaxing)
 .eh_frame      0x000000000011a4c4       0xe0 binaries/helper_functions_paging.o
                                         0xf8 (size before relaxing)
 .eh_frame      0x000000000011a5a4       0x64 binaries/helper_functions_vmem.o
                                         0x7c (size before relaxing)
 .eh_frame      0x000000000011a608       0x20 binaries/init.o
                                         0x38 (size before relaxing)
 .eh_frame      0x000000000011a628       0x7c binaries/initialize.o
                                         0x94 (size before relaxing)
 .eh_frame      0x000000000011a6a4       0x20 binaries/init_paging.o
                                         0x38 (size before relaxing)
 .eh_frame      0x000000000011a6c4       0x20 binaries/insert.o
                                         0x38 (size before relaxing)
 .eh_frame      0x000000000011a6e4       0x20 binaries/insertd.o
                                         0x38 (size before relaxing)
 .eh_frame      0x000000000011a704       0x20 binaries/ioerr.o
                                         0x38 (size before relaxing)
 .eh_frame      0x000000000011a724       0x20 binaries/ionull.o
                                         0x38 (size before relaxing)
 .eh_frame      0x000000000011a744       0x20 binaries/kill.o
                                         0x38 (size before relaxing)
 .eh_frame      0x000000000011a764       0x80 binaries/kprintf.o
                                         0x98 (size before relaxing)
 .eh_frame      0x000000000011a7e4       0x20 binaries/main.o
                                         0x38 (size before relaxing)
 .eh_frame      0x000000000011a804       0x40 binaries/mark.o
                                         0x58 (size before relaxing)
 .eh_frame      0x000000000011a844       0x40 binaries/meminit.o
                                         0x58 (size before relaxing)
 .eh_frame      0x000000000011a884       0x20 binaries/mkbufpool.o
                                         0x38 (size before relaxing)
 .eh_frame      0x000000000011a8a4       0x20 binaries/newqueue.o
                                         0x38 (size before relaxing)
 .eh_frame      0x000000000011a8c4       0x20 binaries/open.o
                                         0x38 (size before relaxing)
 .eh_frame      0x000000000011a8e4       0x1c binaries/panic.o
                                         0x34 (size before relaxing)
 .eh_frame      0x000000000011a900      0x1c0 binaries/pci.o
                                        0x1d8 (size before relaxing)
 .eh_frame      0x000000000011aac0       0x20 binaries/pgfhandler.o
                                         0x38 (size before relaxing)
 .eh_frame      0x000000000011aae0       0x20 binaries/platinit.o
                                         0x38 (size before relaxing)
 .eh_frame      0x000000000011ab00       0x20 binaries/ptclear.o
                                         0x38 (size before relaxing)
 .eh_frame      0x000000000011ab20       0x20 binaries/ptcount.o
                                         0x38 (size before relaxing)
 .eh_frame      0x000000000011ab40       0x20 binaries/ptcreate.o
                                         0x38 (size before relaxing)
 .eh_frame      0x000000000011ab60       0x20 binaries/ptdelete.o
                                         0x38 (size before relaxing)
 .eh_frame      0x000000000011ab80       0x20 binaries/ptinit.o
                                         0x38 (size before relaxing)
 .eh_frame      0x000000000011aba0       0x20 binaries/ptrecv.o
                                         0x38 (size before relaxing)
 .eh_frame      0x000000000011abc0       0x20 binaries/ptreset.o
                                         0x38 (size before relaxing)
 .eh_frame      0x000000000011abe0       0x20 binaries/ptsend.o
                                         0x38 (size before relaxing)
 .eh_frame      0x000000000011ac00       0x20 binaries/putc.o
                                         0x38 (size before relaxing)
 .eh_frame      0x000000000011ac20       0x20 binaries/quark_irq.o
                                         0x38 (size before relaxing)
 .eh_frame      0x000000000011ac40       0x40 binaries/quark_pdat.o
                                         0x58 (size before relaxing)
 .eh_frame      0x000000000011ac80       0x40 binaries/queue.o
                                         0x58 (size before relaxing)
 .eh_frame      0x000000000011acc0       0x20 binaries/read.o
                                         0x38 (size before relaxing)
 .eh_frame      0x000000000011ace0       0x24 binaries/ready.o
                                         0x3c (size before relaxing)
 .eh_frame      0x000000000011ad04       0x20 binaries/receive.o
                                         0x38 (size before relaxing)
 .eh_frame      0x000000000011ad24       0x20 binaries/recvclr.o
                                         0x38 (size before relaxing)
 .eh_frame      0x000000000011ad44       0x20 binaries/recvtime.o
                                         0x38 (size before relaxing)
 .eh_frame      0x000000000011ad64       0x40 binaries/resched.o
                                         0x58 (size before relaxing)
 .eh_frame      0x000000000011ada4       0x20 binaries/resume.o
                                         0x38 (size before relaxing)
 .eh_frame      0x000000000011adc4       0x20 binaries/seek.o
                                         0x38 (size before relaxing)
 .eh_frame      0x000000000011ade4       0x20 binaries/semcount.o
                                         0x38 (size before relaxing)
 .eh_frame      0x000000000011ae04       0x40 binaries/semcreate.o
                                         0x58 (size before relaxing)
 .eh_frame      0x000000000011ae44       0x20 binaries/semdelete.o
                                         0x38 (size before relaxing)
 .eh_frame      0x000000000011ae64       0x20 binaries/semreset.o
                                         0x38 (size before relaxing)
 .eh_frame      0x000000000011ae84       0x20 binaries/send.o
                                         0x38 (size before relaxing)
 .eh_frame      0x000000000011aea4       0x20 binaries/signal.o
                                         0x38 (size before relaxing)
 .eh_frame      0x000000000011aec4       0x20 binaries/signaln.o
                                         0x38 (size before relaxing)
 .eh_frame      0x000000000011aee4       0x40 binaries/sleep.o
                                         0x58 (size before relaxing)
 .eh_frame      0x000000000011af24       0x20 binaries/stacktrace.o
                                         0x38 (size before relaxing)
 .eh_frame      0x000000000011af44       0x20 binaries/suspend.o
                                         0x38 (size before relaxing)
 .eh_frame      0x000000000011af64       0x20 binaries/unsleep.o
                                         0x38 (size before relaxing)
 .eh_frame      0x000000000011af84       0x20 binaries/userret.o
                                         0x38 (size before relaxing)
 .eh_frame      0x000000000011afa4       0x20 binaries/vmhalloc.o
                                         0x38 (size before relaxing)
 .eh_frame      0x000000000011afc4       0x20 binaries/vmhfreemem.o
                                         0x38 (size before relaxing)
 .eh_frame      0x000000000011afe4       0x20 binaries/vmhgetmem.o
                                         0x38 (size before relaxing)
 .eh_frame      0x000000000011b004       0x20 binaries/vmhgetstk.o
                                         0x38 (size before relaxing)
 .eh_frame      0x000000000011b024       0x20 binaries/wait.o
                                         0x38 (size before relaxing)
 .eh_frame      0x000000000011b044       0x20 binaries/wakeup.o
                                         0x38 (size before relaxing)
 .eh_frame      0x000000000011b064       0x20 binaries/write.o
                                         0x38 (size before relaxing)
 .eh_frame      0x000000000011b084       0x20 binaries/xdone.o
                                         0x38 (size before relaxing)
 .eh_frame      0x000000000011b0a4       0x20 binaries/yield.o
                                         0x38 (size before relaxing)
 .eh_frame      0x000000000011b0c4       0x20 binaries/abs.o
                                         0x38 (size before relaxing)
 .eh_frame      0x000000000011b0e4       0x20 binaries/atoi.o
                                         0x38 (size before relaxing)
 .eh_frame      0x000000000011b104       0x20 binaries/atol.o
                                         0x38 (size before relaxing)
 .eh_frame      0x000000000011b124       0x20 binaries/bzero.o
                                         0x38 (size before relaxing)
 .eh_frame      0x000000000011b144       0xc0 binaries/doprnt.o
                                         0xd8 (size before relaxing)
 .eh_frame      0x000000000011b204       0xb0 binaries/doscan.o
                                         0xc8 (size before relaxing)
 .eh_frame      0x000000000011b2b4       0xc0 binaries/fdoprnt.o
                                         0xd8 (size before relaxing)
 .eh_frame      0x000000000011b374       0x20 binaries/fgetc.o
                                         0x38 (size before relaxing)
 .eh_frame      0x000000000011b394       0x20 binaries/fgets.o
                                         0x38 (size before relaxing)
 .eh_frame      0x000000000011b3b4       0x20 binaries/fprintf.o
                                         0x38 (size before relaxing)
 .eh_frame      0x000000000011b3d4       0x20 binaries/fputc.o
                                         0x38 (size before relaxing)
 .eh_frame      0x000000000011b3f4       0x20 binaries/fputs.o
                                         0x38 (size before relaxing)
 .eh_frame      0x000000000011b414       0x60 binaries/fscanf.o
                                         0x78 (size before relaxing)
 .eh_frame      0x000000000011b474       0x20 binaries/getchar.o
                                         0x38 (size before relaxing)
 .eh_frame      0x000000000011b494       0x20 binaries/labs.o
                                         0x38 (size before relaxing)
 .eh_frame      0x000000000011b4b4       0x20 binaries/memchr.o
                                         0x38 (size before relaxing)
 .eh_frame      0x000000000011b4d4       0x20 binaries/memcmp.o
                                         0x38 (size before relaxing)
 .eh_frame      0x000000000011b4f4       0x24 binaries/memcpy.o
                                         0x3c (size before relaxing)
 .eh_frame      0x000000000011b518       0x24 binaries/memset.o
                                         0x3c (size before relaxing)
 .eh_frame      0x000000000011b53c       0x20 binaries/printf.o
                                         0x38 (size before relaxing)
 .eh_frame      0x000000000011b55c       0x20 binaries/putchar.o
                                         0x38 (size before relaxing)
 .eh_frame      0x000000000011b57c       0xa8 binaries/qsort.o
                                         0xc0 (size before relaxing)
 .eh_frame      0x000000000011b624       0x40 binaries/rand.o
                                         0x58 (size before relaxing)
 .eh_frame      0x000000000011b664       0x40 binaries/sprintf.o
                                         0x58 (size before relaxing)
 .eh_frame      0x000000000011b6a4       0x60 binaries/sscanf.o
                                         0x78 (size before relaxing)
 .eh_frame      0x000000000011b704       0x20 binaries/strchr.o
                                         0x38 (size before relaxing)
 .eh_frame      0x000000000011b724       0x20 binaries/strcmp.o
                                         0x38 (size before relaxing)
 .eh_frame      0x000000000011b744       0x20 binaries/strcpy.o
                                         0x38 (size before relaxing)
 .eh_frame      0x000000000011b764       0x20 binaries/strlen.o
                                         0x38 (size before relaxing)
 .eh_frame      0x000000000011b784       0x20 binaries/strncat.o
                                         0x38 (size before relaxing)
 .eh_frame      0x000000000011b7a4       0x20 binaries/strncmp.o
                                         0x38 (size before relaxing)
 .eh_frame      0x000000000011b7c4       0x28 binaries/strncpy.o
                                         0x40 (size before relaxing)
 .eh_frame      0x000000000011b7ec       0x20 binaries/strnlen.o
                                         0x38 (size before relaxing)
 .eh_frame      0x000000000011b80c       0x20 binaries/strrchr.o
                                         0x38 (size before relaxing)
 .eh_frame      0x000000000011b82c       0x20 binaries/strstr.o
                                         0x38 (size before relaxing)
 .eh_frame      0x000000000011b84c       0x20 binaries/ttycontrol.o
                                         0x38 (size before relaxing)
 .eh_frame      0x000000000011b86c       0x20 binaries/ttygetc.o
                                         0x38 (size before relaxing)
 .eh_frame      0x000000000011b88c       0x80 binaries/ttyhandle_in.o
                                         0x98 (size before relaxing)
 .eh_frame      0x000000000011b90c       0x20 binaries/ttyhandle_out.o
                                         0x38 (size before relaxing)
 .eh_frame      0x000000000011b92c       0x20 binaries/ttyhandler.o
                                         0x38 (size before relaxing)
 .eh_frame      0x000000000011b94c       0x20 binaries/ttyinit.o
                                         0x38 (size before relaxing)
 .eh_frame      0x000000000011b96c       0x20 binaries/ttykickout.o
                                         0x38 (size before relaxing)
 .eh_frame      0x000000000011b98c       0x20 binaries/ttyputc.o
                                         0x38 (size before relaxing)
 .eh_frame      0x000000000011b9ac       0x28 binaries/ttyread.o
                                         0x40 (size before relaxing)
 .eh_frame      0x000000000011b9d4       0x20 binaries/ttywrite.o
                                         0x38 (size before relaxing)
 .eh_frame      0x000000000011b9f4       0x40 binaries/mount.o
                                         0x58 (size before relaxing)
 .eh_frame      0x000000000011ba34       0x20 binaries/naminit.o
                                         0x38 (size before relaxing)
 .eh_frame      0x000000000011ba54       0x60 binaries/nammap.o
                                         0x78 (size before relaxing)
 .eh_frame      0x000000000011bab4       0x20 binaries/namopen.o
                                         0x38 (size before relaxing)
 .eh_frame      0x000000000011bad4       0x20 binaries/colon2mac.o
                                         0x38 (size before relaxing)
 .eh_frame      0x000000000011baf4       0x20 binaries/ethcontrol.o
                                         0x38 (size before relaxing)
 .eh_frame      0x000000000011bb14       0x20 binaries/ethhandler.o
                                         0x38 (size before relaxing)
 .eh_frame      0x000000000011bb34       0xa0 binaries/ethinit.o
                                         0xb8 (size before relaxing)
 .eh_frame      0x000000000011bbd4       0x40 binaries/ethmcast.o
                                         0x58 (size before relaxing)
 .eh_frame      0x000000000011bc14       0x20 binaries/ethread.o
                                         0x38 (size before relaxing)
 .eh_frame      0x000000000011bc34       0x20 binaries/ethwrite.o
                                         0x38 (size before relaxing)
 .eh_frame      0x000000000011bc54       0x20 binaries/rdsbufalloc.o
                                         0x38 (size before relaxing)
 .eh_frame      0x000000000011bc74       0x20 binaries/rdsclose.o
                                         0x38 (size before relaxing)
 .eh_frame      0x000000000011bc94       0x20 binaries/rdscomm.o
                                         0x38 (size before relaxing)
 .eh_frame      0x000000000011bcb4       0x20 binaries/rdscontrol.o
                                         0x38 (size before relaxing)
 .eh_frame      0x000000000011bcd4       0x20 binaries/rdsinit.o
                                         0x38 (size before relaxing)
 .eh_frame      0x000000000011bcf4       0x20 binaries/rdsopen.o
                                         0x38 (size before relaxing)
 .eh_frame      0x000000000011bd14       0x1c binaries/rdsprocess.o
                                         0x34 (size before relaxing)
 .eh_frame      0x000000000011bd30       0x20 binaries/rdsread.o
                                         0x38 (size before relaxing)
 .eh_frame      0x000000000011bd50       0x20 binaries/rdswrite.o
                                         0x38 (size before relaxing)
 .eh_frame      0x000000000011bd70       0x20 binaries/ramclose.o
                                         0x38 (size before relaxing)
 .eh_frame      0x000000000011bd90       0x20 binaries/raminit.o
                                         0x38 (size before relaxing)
 .eh_frame      0x000000000011bdb0       0x20 binaries/ramopen.o
                                         0x38 (size before relaxing)
 .eh_frame      0x000000000011bdd0       0x20 binaries/ramread.o
                                         0x38 (size before relaxing)
 .eh_frame      0x000000000011bdf0       0x20 binaries/ramwrite.o
                                         0x38 (size before relaxing)
 .eh_frame      0x000000000011be10       0x20 binaries/lfdballoc.o
                                         0x38 (size before relaxing)
 .eh_frame      0x000000000011be30       0x20 binaries/lfdbfree.o
                                         0x38 (size before relaxing)
 .eh_frame      0x000000000011be50       0x20 binaries/lfflush.o
                                         0x38 (size before relaxing)
 .eh_frame      0x000000000011be70       0x20 binaries/lfgetmode.o
                                         0x38 (size before relaxing)
 .eh_frame      0x000000000011be90       0x20 binaries/lfiballoc.o
                                         0x38 (size before relaxing)
 .eh_frame      0x000000000011beb0       0x20 binaries/lfibclear.o
                                         0x38 (size before relaxing)
 .eh_frame      0x000000000011bed0       0x20 binaries/lfibget.o
                                         0x38 (size before relaxing)
 .eh_frame      0x000000000011bef0       0x20 binaries/lfibput.o
                                         0x38 (size before relaxing)
 .eh_frame      0x000000000011bf10       0x20 binaries/lflclose.o
                                         0x38 (size before relaxing)
 .eh_frame      0x000000000011bf30       0x20 binaries/lflcontrol.o
                                         0x38 (size before relaxing)
 .eh_frame      0x000000000011bf50       0x20 binaries/lflgetc.o
                                         0x38 (size before relaxing)
 .eh_frame      0x000000000011bf70       0x20 binaries/lflinit.o
                                         0x38 (size before relaxing)
 .eh_frame      0x000000000011bf90       0x20 binaries/lflputc.o
                                         0x38 (size before relaxing)
 .eh_frame      0x000000000011bfb0       0x20 binaries/lflread.o
                                         0x38 (size before relaxing)
 .eh_frame      0x000000000011bfd0       0x20 binaries/lflseek.o
                                         0x38 (size before relaxing)
 .eh_frame      0x000000000011bff0       0x20 binaries/lflwrite.o
                                         0x38 (size before relaxing)
 .eh_frame      0x000000000011c010       0x20 binaries/lfsckfmt.o
                                         0x38 (size before relaxing)
 .eh_frame      0x000000000011c030       0x20 binaries/lfscreate.o
                                         0x38 (size before relaxing)
 .eh_frame      0x000000000011c050       0x20 binaries/lfsetup.o
                                         0x38 (size before relaxing)
 .eh_frame      0x000000000011c070       0x20 binaries/lfsinit.o
                                         0x38 (size before relaxing)
 .eh_frame      0x000000000011c090       0x20 binaries/lfsopen.o
                                         0x38 (size before relaxing)
 .eh_frame      0x000000000011c0b0       0x20 binaries/lftruncate.o
                                         0x38 (size before relaxing)
 .eh_frame      0x000000000011c0d0       0x20 binaries/rflclose.o
                                         0x38 (size before relaxing)
 .eh_frame      0x000000000011c0f0       0x20 binaries/rflgetc.o
                                         0x38 (size before relaxing)
 .eh_frame      0x000000000011c110       0x20 binaries/rflinit.o
                                         0x38 (size before relaxing)
 .eh_frame      0x000000000011c130       0x20 binaries/rflputc.o
                                         0x38 (size before relaxing)
 .eh_frame      0x000000000011c150       0x20 binaries/rflread.o
                                         0x38 (size before relaxing)
 .eh_frame      0x000000000011c170       0x20 binaries/rflseek.o
                                         0x38 (size before relaxing)
 .eh_frame      0x000000000011c190       0x20 binaries/rflwrite.o
                                         0x38 (size before relaxing)
 .eh_frame      0x000000000011c1b0       0x20 binaries/rfscomm.o
                                         0x38 (size before relaxing)
 .eh_frame      0x000000000011c1d0       0x20 binaries/rfscontrol.o
                                         0x38 (size before relaxing)
 .eh_frame      0x000000000011c1f0       0x20 binaries/rfsgetmode.o
                                         0x38 (size before relaxing)
 .eh_frame      0x000000000011c210       0x20 binaries/rfsinit.o
                                         0x38 (size before relaxing)
 .eh_frame      0x000000000011c230       0x20 binaries/rfsndmsg.o
                                         0x38 (size before relaxing)
 .eh_frame      0x000000000011c250       0x20 binaries/rfsopen.o
                                         0x38 (size before relaxing)
 .eh_frame      0x000000000011c270       0xc0 binaries/arp.o
                                         0xd8 (size before relaxing)
 .eh_frame      0x000000000011c330       0xa0 binaries/dhcp.o
                                         0xb8 (size before relaxing)
 .eh_frame      0x000000000011c3d0       0x20 binaries/dot2ip.o
                                         0x38 (size before relaxing)
 .eh_frame      0x000000000011c3f0       0x40 binaries/hexdump.o
                                         0x58 (size before relaxing)
 .eh_frame      0x000000000011c430      0x150 binaries/icmp.o
                                        0x168 (size before relaxing)
 .eh_frame      0x000000000011c580      0x11c binaries/ip.o
                                        0x134 (size before relaxing)
 .eh_frame      0x000000000011c69c       0x7c binaries/net.o
                                         0x94 (size before relaxing)
 .eh_frame      0x000000000011c718       0x30 binaries/netstart.o
                                         0x48 (size before relaxing)
 .eh_frame      0x000000000011c748       0x60 binaries/pdump.o
                                         0x78 (size before relaxing)
 .eh_frame      0x000000000011c7a8       0x60 binaries/tftp.o
                                         0x78 (size before relaxing)
 .eh_frame      0x000000000011c808      0x140 binaries/udp.o
                                        0x158 (size before relaxing)
 .eh_frame      0x000000000011c948       0x20 binaries/addargs.o
                                         0x38 (size before relaxing)
 .eh_frame      0x000000000011c968       0x20 binaries/lexan.o
                                         0x38 (size before relaxing)
 .eh_frame      0x000000000011c988       0x20 binaries/shell.o
                                         0x38 (size before relaxing)
 .eh_frame      0x000000000011c9a8       0x20 binaries/xsh_argecho.o
                                         0x38 (size before relaxing)
 .eh_frame      0x000000000011c9c8       0x40 binaries/xsh_arp.o
                                         0x58 (size before relaxing)
 .eh_frame      0x000000000011ca08       0x20 binaries/xsh_cat.o
                                         0x38 (size before relaxing)
 .eh_frame      0x000000000011ca28       0x20 binaries/xsh_clear.o
                                         0x38 (size before relaxing)
 .eh_frame      0x000000000011ca48       0x20 binaries/xsh_date.o
                                         0x38 (size before relaxing)
 .eh_frame      0x000000000011ca68       0x20 binaries/xsh_devdump.o
                                         0x38 (size before relaxing)
 .eh_frame      0x000000000011ca88       0x20 binaries/xsh_echo.o
                                         0x38 (size before relaxing)
 .eh_frame      0x000000000011caa8       0x20 binaries/xsh_exit.o
                                         0x38 (size before relaxing)
 .eh_frame      0x000000000011cac8       0x2c binaries/xsh_help.o
                                         0x44 (size before relaxing)
 .eh_frame      0x000000000011caf4       0x30 binaries/xsh_ipaddr.o
                                         0x48 (size before relaxing)
 .eh_frame      0x000000000011cb24       0x20 binaries/xsh_kill.o
                                         0x38 (size before relaxing)
 .eh_frame      0x000000000011cb44       0x40 binaries/xsh_memdump.o
                                         0x58 (size before relaxing)
 .eh_frame      0x000000000011cb84       0x60 binaries/xsh_memstat.o
                                         0x78 (size before relaxing)
 .eh_frame      0x000000000011cbe4       0x28 binaries/xsh_ping.o
                                         0x40 (size before relaxing)
 .eh_frame      0x000000000011cc0c       0x30 binaries/xsh_ps.o
                                         0x48 (size before relaxing)
 .eh_frame      0x000000000011cc3c       0x20 binaries/xsh_sleep.o
                                         0x38 (size before relaxing)
 .eh_frame      0x000000000011cc5c       0x20 binaries/xsh_udpdump.o
                                         0x38 (size before relaxing)
 .eh_frame      0x000000000011cc7c       0x30 binaries/xsh_udpecho.o
                                         0x48 (size before relaxing)
 .eh_frame      0x000000000011ccac       0x28 binaries/xsh_udpeserver.o
                                         0x40 (size before relaxing)
 .eh_frame      0x000000000011ccd4       0x20 binaries/xsh_uptime.o
                                         0x38 (size before relaxing)
 .eh_frame      0x000000000011ccf4       0x20 binaries/allocate_bs.o
                                         0x38 (size before relaxing)
 .eh_frame      0x000000000011cd14       0x20 binaries/close_bs.o
[...]
 .comment       0x0000000000000023       0x24 binaries/allocate_bs.o
 .comment       0x0000000000000023       0x24 binaries/close_bs.o
 .comment       0x0000000000000023       0x24 binaries/deallocate_bs.o
 .comment       0x0000000000000023       0x24 binaries/get_bs.o
 .comment       0x0000000000000023       0x24 binaries/open_bs.o
 .comment       0x0000000000000023       0x24 binaries/psinit.o
 .comment       0x0000000000000023       0x24 binaries/read_bs.o
 .comment       0x0000000000000023       0x24 binaries/release_bs.o
 .comment       0x0000000000000023       0x24 binaries/write_bs.o

.note.GNU-stack
                0x0000000000000000        0x0
 .note.GNU-stack
                0x0000000000000000        0x0 binaries/ascdate.o
 .note.GNU-stack
                0x0000000000000000        0x0 binaries/bufinit.o
 .note.GNU-stack
                0x0000000000000000        0x0 binaries/chprio.o
 .note.GNU-stack
                0x0000000000000000        0x0 binaries/clkhandler.o
 .note.GNU-stack
                0x0000000000000000        0x0 binaries/clkinit.o
 .note.GNU-stack
                0x0000000000000000        0x0 binaries/close.o
 .note.GNU-stack
                0x0000000000000000        0x0 binaries/conf.o
 .note.GNU-stack
                0x0000000000000000        0x0 binaries/control.o
 .note.GNU-stack
                0x0000000000000000        0x0 binaries/create.o
 .note.GNU-stack
                0x0000000000000000        0x0 binaries/early_imr.o
 .note.GNU-stack
                0x0000000000000000        0x0 binaries/evec.o
 .note.GNU-stack
                0x0000000000000000        0x0 binaries/freebuf.o
 .note.GNU-stack
                0x0000000000000000        0x0 binaries/freemem.o
 .note.GNU-stack
                0x0000000000000000        0x0 binaries/getbuf.o
 .note.GNU-stack
                0x0000000000000000        0x0 binaries/getc.o
 .note.GNU-stack
                0x0000000000000000        0x0 binaries/getdev.o
 .note.GNU-stack
                0x0000000000000000        0x0 binaries/getitem.o
 .note.GNU-stack
                0x0000000000000000        0x0 binaries/getmem.o
 .note.GNU-stack
                0x0000000000000000        0x0 binaries/getpid.o
 .note.GNU-stack
                0x0000000000000000        0x0 binaries/getprio.o
 .note.GNU-stack
                0x0000000000000000        0x0 binaries/getstk.o
 .note.GNU-stack
                0x0000000000000000        0x0 binaries/gettime.o
 .note.GNU-stack
                0x0000000000000000        0x0 binaries/getutime.o
 .note.GNU-stack
                0x0000000000000000        0x0 binaries/helper_functions.o
 .note.GNU-stack
                0x0000000000000000        0x0 binaries/helper_functions_paging.o
 .note.GNU-stack
                0x0000000000000000        0x0 binaries/helper_functions_vmem.o
 .note.GNU-stack
                0x0000000000000000        0x0 binaries/init.o
 .note.GNU-stack
                0x0000000000000000        0x0 binaries/initialize.o
 .note.GNU-stack
                0x0000000000000000        0x0 binaries/init_paging.o
 .note.GNU-stack
                0x0000000000000000        0x0 binaries/insert.o
 .note.GNU-stack
                0x0000000000000000        0x0 binaries/insertd.o
 .note.GNU-stack
                0x0000000000000000        0x0 binaries/ioerr.o
 .note.GNU-stack
                0x0000000000000000        0x0 binaries/ionull.o
 .note.GNU-stack
                0x0000000000000000        0x0 binaries/kill.o
 .note.GNU-stack
                0x0000000000000000        0x0 binaries/kprintf.o
 .note.GNU-stack
                0x0000000000000000        0x0 binaries/main.o
 .note.GNU-stack
                0x0000000000000000        0x0 binaries/mark.o
 .note.GNU-stack
                0x0000000000000000        0x0 binaries/meminit.o
 .note.GNU-stack
                0x0000000000000000        0x0 binaries/mkbufpool.o
 .note.GNU-stack
                0x0000000000000000        0x0 binaries/newqueue.o
 .note.GNU-stack
                0x0000000000000000        0x0 binaries/open.o
 .note.GNU-stack
                0x0000000000000000        0x0 binaries/panic.o
 .note.GNU-stack
                0x0000000000000000        0x0 binaries/pci.o
 .note.GNU-stack
                0x0000000000000000        0x0 binaries/pgfhandler.o
 .note.GNU-stack
                0x0000000000000000        0x0 binaries/platinit.o
 .note.GNU-stack
                0x0000000000000000        0x0 binaries/ptclear.o
 .note.GNU-stack
                0x0000000000000000        0x0 binaries/ptcount.o
 .note.GNU-stack
                0x0000000000000000        0x0 binaries/ptcreate.o
 .note.GNU-stack
                0x0000000000000000        0x0 binaries/ptdelete.o
 .note.GNU-stack
                0x0000000000000000        0x0 binaries/ptinit.o
 .note.GNU-stack
                0x0000000000000000        0x0 binaries/ptrecv.o
 .note.GNU-stack
                0x0000000000000000        0x0 binaries/ptreset.o
 .note.GNU-stack
                0x0000000000000000        0x0 binaries/ptsend.o
 .note.GNU-stack
                0x0000000000000000        0x0 binaries/putc.o
 .note.GNU-stack
                0x0000000000000000        0x0 binaries/quark_irq.o
 .note.GNU-stack
                0x0000000000000000        0x0 binaries/quark_pdat.o
 .note.GNU-stack
                0x0000000000000000        0x0 binaries/queue.o
 .note.GNU-stack
                0x0000000000000000        0x0 binaries/read.o
 .note.GNU-stack
                0x0000000000000000        0x0 binaries/ready.o
 .note.GNU-stack
                0x0000000000000000        0x0 binaries/receive.o
 .note.GNU-stack
                0x0000000000000000        0x0 binaries/recvclr.o
 .note.GNU-stack
                0x0000000000000000        0x0 binaries/recvtime.o
 .note.GNU-stack
                0x0000000000000000        0x0 binaries/resched.o
 .note.GNU-stack
                0x0000000000000000        0x0 binaries/resume.o
 .note.GNU-stack
                0x0000000000000000        0x0 binaries/seek.o
 .note.GNU-stack
                0x0000000000000000        0x0 binaries/semcount.o
 .note.GNU-stack
                0x0000000000000000        0x0 binaries/semcreate.o
 .note.GNU-stack
                0x0000000000000000        0x0 binaries/semdelete.o
 .note.GNU-stack
                0x0000000000000000        0x0 binaries/semreset.o
 .note.GNU-stack
                0x0000000000000000        0x0 binaries/send.o
 .note.GNU-stack
                0x0000000000000000        0x0 binaries/signal.o
 .note.GNU-stack
                0x0000000000000000        0x0 binaries/signaln.o
 .note.GNU-stack
                0x0000000000000000        0x0 binaries/sleep.o
 .note.GNU-stack
                0x0000000000000000        0x0 binaries/stacktrace.o
 .note.GNU-stack
                0x0000000000000000        0x0 binaries/suspend.o
 .note.GNU-stack
                0x0000000000000000        0x0 binaries/unsleep.o
 .note.GNU-stack
                0x0000000000000000        0x0 binaries/userret.o
 .note.GNU-stack
                0x0000000000000000        0x0 binaries/vmhalloc.o
 .note.GNU-stack
                0x0000000000000000        0x0 binaries/vmhfreemem.o
 .note.GNU-stack
                0x0000000000000000        0x0 binaries/vmhgetmem.o
 .note.GNU-stack
                0x0000000000000000        0x0 binaries/vmhgetstk.o
 .note.GNU-stack
                0x0000000000000000        0x0 binaries/wait.o
 .note.GNU-stack
                0x0000000000000000        0x0 binaries/wakeup.o
 .note.GNU-stack
                0x0000000000000000        0x0 binaries/write.o
 .note.GNU-stack
                0x0000000000000000        0x0 binaries/xdone.o
 .note.GNU-stack
                0x0000000000000000        0x0 binaries/yield.o
 .note.GNU-stack
                0x0000000000000000        0x0 binaries/abs.o
 .note.GNU-stack
                0x0000000000000000        0x0 binaries/atoi.o
 .note.GNU-stack
                0x0000000000000000        0x0 binaries/atol.o
 .note.GNU-stack
                0x0000000000000000        0x0 binaries/bzero.o
 .note.GNU-stack
                0x0000000000000000        0x0 binaries/ctype_.o
 .note.GNU-stack
                0x0000000000000000        0x0 binaries/doprnt.o
 .note.GNU-stack
                0x0000000000000000        0x0 binaries/doscan.o
 .note.GNU-stack
                0x0000000000000000        0x0 binaries/fdoprnt.o
 .note.GNU-stack
                0x0000000000000000        0x0 binaries/fgetc.o
 .note.GNU-stack
                0x0000000000000000        0x0 binaries/fgets.o
 .note.GNU-stack
                0x0000000000000000        0x0 binaries/fprintf.o
 .note.GNU-stack
                0x0000000000000000        0x0 binaries/fputc.o
 .note.GNU-stack
                0x0000000000000000        0x0 binaries/fputs.o
 .note.GNU-stack
                0x0000000000000000        0x0 binaries/fscanf.o
 .note.GNU-stack
                0x0000000000000000        0x0 binaries/getchar.o
 .note.GNU-stack
                0x0000000000000000        0x0 binaries/labs.o
 .note.GNU-stack
                0x0000000000000000        0x0 binaries/memchr.o
 .note.GNU-stack
                0x0000000000000000        0x0 binaries/memcmp.o
 .note.GNU-stack
                0x0000000000000000        0x0 binaries/memcpy.o
 .note.GNU-stack
                0x0000000000000000        0x0 binaries/memset.o
 .note.GNU-stack
                0x0000000000000000        0x0 binaries/printf.o
 .note.GNU-stack
                0x0000000000000000        0x0 binaries/putchar.o
 .note.GNU-stack
                0x0000000000000000        0x0 binaries/qsort.o
 .note.GNU-stack
                0x0000000000000000        0x0 binaries/rand.o
 .note.GNU-stack
                0x0000000000000000        0x0 binaries/sprintf.o
 .note.GNU-stack
                0x0000000000000000        0x0 binaries/sscanf.o
 .note.GNU-stack
                0x0000000000000000        0x0 binaries/strchr.o
 .note.GNU-stack
                0x0000000000000000        0x0 binaries/strcmp.o
 .note.GNU-stack
                0x0000000000000000        0x0 binaries/strcpy.o
 .note.GNU-stack
                0x0000000000000000        0x0 binaries/strlen.o
 .note.GNU-stack
                0x0000000000000000        0x0 binaries/strncat.o
 .note.GNU-stack
                0x0000000000000000        0x0 binaries/strncmp.o
 .note.GNU-stack
                0x0000000000000000        0x0 binaries/strncpy.o
 .note.GNU-stack
                0x0000000000000000        0x0 binaries/strnlen.o
 .note.GNU-stack
                0x0000000000000000        0x0 binaries/strrchr.o
 .note.GNU-stack
                0x0000000000000000        0x0 binaries/strstr.o
 .note.GNU-stack
                0x0000000000000000        0x0 binaries/ttycontrol.o
 .note.GNU-stack
                0x0000000000000000        0x0 binaries/ttygetc.o
 .note.GNU-stack
                0x0000000000000000        0x0 binaries/ttyhandle_in.o
 .note.GNU-stack
                0x0000000000000000        0x0 binaries/ttyhandle_out.o
 .note.GNU-stack
                0x0000000000000000        0x0 binaries/ttyhandler.o
 .note.GNU-stack
                0x0000000000000000        0x0 binaries/ttyinit.o
 .note.GNU-stack
                0x0000000000000000        0x0 binaries/ttykickout.o
 .note.GNU-stack
                0x0000000000000000        0x0 binaries/ttyputc.o
 .note.GNU-stack
                0x0000000000000000        0x0 binaries/ttyread.o
 .note.GNU-stack
                0x0000000000000000        0x0 binaries/ttywrite.o
 .note.GNU-stack
                0x0000000000000000        0x0 binaries/mount.o
 .note.GNU-stack
                0x0000000000000000        0x0 binaries/naminit.o
 .note.GNU-stack
                0x0000000000000000        0x0 binaries/nammap.o
 .note.GNU-stack
                0x0000000000000000        0x0 binaries/namopen.o
 .note.GNU-stack
                0x0000000000000000        0x0 binaries/colon2mac.o
 .note.GNU-stack
                0x0000000000000000        0x0 binaries/ethcontrol.o
 .note.GNU-stack
                0x0000000000000000        0x0 binaries/ethhandler.o
 .note.GNU-stack
                0x0000000000000000        0x0 binaries/ethinit.o
 .note.GNU-stack
                0x0000000000000000        0x0 binaries/ethmcast.o
 .note.GNU-stack
                0x0000000000000000        0x0 binaries/ethread.o
 .note.GNU-stack
                0x0000000000000000        0x0 binaries/ethwrite.o
 .note.GNU-stack
                0x0000000000000000        0x0 binaries/rdsbufalloc.o
 .note.GNU-stack
                0x0000000000000000        0x0 binaries/rdsclose.o
 .note.GNU-stack
                0x0000000000000000        0x0 binaries/rdscomm.o
 .note.GNU-stack
                0x0000000000000000        0x0 binaries/rdscontrol.o
 .note.GNU-stack
                0x0000000000000000        0x0 binaries/rdsinit.o
 .note.GNU-stack
                0x0000000000000000        0x0 binaries/rdsopen.o
 .note.GNU-stack
                0x0000000000000000        0x0 binaries/rdsprocess.o
 .note.GNU-stack
                0x0000000000000000        0x0 binaries/rdsread.o
 .note.GNU-stack
                0x0000000000000000        0x0 binaries/rdswrite.o
 .note.GNU-stack
                0x0000000000000000        0x0 binaries/ramclose.o
 .note.GNU-stack
                0x0000000000000000        0x0 binaries/raminit.o
 .note.GNU-stack
                0x0000000000000000        0x0 binaries/ramopen.o
 .note.GNU-stack
                0x0000000000000000        0x0 binaries/ramread.o
 .note.GNU-stack
                0x0000000000000000        0x0 binaries/ramwrite.o
 .note.GNU-stack
                0x0000000000000000        0x0 binaries/lfdballoc.o
 .note.GNU-stack
                0x0000000000000000        0x0 binaries/lfdbfree.o
 .note.GNU-stack
                0x0000000000000000        0x0 binaries/lfflush.o
 .note.GNU-stack
                0x0000000000000000        0x0 binaries/lfgetmode.o
 .note.GNU-stack
                0x0000000000000000        0x0 binaries/lfiballoc.o
 .note.GNU-stack
                0x0000000000000000        0x0 binaries/lfibclear.o
 .note.GNU-stack
                0x0000000000000000        0x0 binaries/lfibget.o
 .note.GNU-stack
                0x0000000000000000        0x0 binaries/lfibput.o
 .note.GNU-stack
                0x0000000000000000        0x0 binaries/lflclose.o
 .note.GNU-stack
                0x0000000000000000        0x0 binaries/lflcontrol.o
 .note.GNU-stack
                0x0000000000000000        0x0 binaries/lflgetc.o
 .note.GNU-stack
                0x0000000000000000        0x0 binaries/lflinit.o
 .note.GNU-stack
                0x0000000000000000        0x0 binaries/lflputc.o
 .note.GNU-stack
                0x0000000000000000        0x0 binaries/lflread.o
 .note.GNU-stack
                0x0000000000000000        0x0 binaries/lflseek.o
 .note.GNU-stack
                0x0000000000000000        0x0 binaries/lflwrite.o
 .note.GNU-stack
                0x0000000000000000        0x0 binaries/lfsckfmt.o
 .note.GNU-stack
                0x0000000000000000        0x0 binaries/lfscreate.o
 .note.GNU-stack
                0x0000000000000000        0x0 binaries/lfsetup.o
 .note.GNU-stack
                0x0000000000000000        0x0 binaries/lfsinit.o
 .note.GNU-stack
                0x0000000000000000        0x0 binaries/lfsopen.o
 .note.GNU-stack
                0x0000000000000000        0x0 binaries/lftruncate.o
 .note.GNU-stack
                0x0000000000000000        0x0 binaries/rflclose.o
 .note.GNU-stack
                0x0000000000000000        0x0 binaries/rflgetc.o
 .note.GNU-stack
                0x0000000000000000        0x0 binaries/rflinit.o
 .note.GNU-stack
                0x0000000000000000        0x0 binaries/rflputc.o
 .note.GNU-stack
                0x0000000000000000        0x0 binaries/rflread.o
 .note.GNU-stack
                0x0000000000000000        0x0 binaries/rflseek.o
 .note.GNU-stack
                0x0000000000000000        0x0 binaries/rflwrite.o
 .note.GNU-stack
                0x0000000000000000        0x0 binaries/rfscomm.o
 .note.GNU-stack
                0x0000000000000000        0x0 binaries/rfscontrol.o
 .note.GNU-stack
                0x0000000000000000        0x0 binaries/rfsgetmode.o
 .note.GNU-stack
                0x0000000000000000        0x0 binaries/rfsinit.o
 .note.GNU-stack
                0x0000000000000000        0x0 binaries/rfsndmsg.o
 .note.GNU-stack
                0x0000000000000000        0x0 binaries/rfsopen.o
 .note.GNU-stack
                0x0000000000000000        0x0 binaries/arp.o
 .note.GNU-stack
                0x0000000000000000        0x0 binaries/dhcp.o
 .note.GNU-stack
                0x0000000000000000        0x0 binaries/dot2ip.o
 .note.GNU-stack
                0x0000000000000000        0x0 binaries/hexdump.o
 .note.GNU-stack
                0x0000000000000000        0x0 binaries/icmp.o
 .note.GNU-stack
                0x0000000000000000        0x0 binaries/ip.o
 .note.GNU-stack
                0x0000000000000000        0x0 binaries/net.o
 .note.GNU-stack
                0x0000000000000000        0x0 binaries/netstart.o
 .note.GNU-stack
                0x0000000000000000        0x0 binaries/pdump.o
 .note.GNU-stack
                0x0000000000000000        0x0 binaries/tftp.o
 .note.GNU-stack
                0x0000000000000000        0x0 binaries/udp.o
 .note.GNU-stack
                0x0000000000000000        0x0 binaries/addargs.o
 .note.GNU-stack
                0x0000000000000000        0x0 binaries/lexan.o
 .note.GNU-stack
                0x0000000000000000        0x0 binaries/shell.o
 .note.GNU-stack
                0x0000000000000000        0x0 binaries/xsh_argecho.o
 .note.GNU-stack
                0x0000000000000000        0x0 binaries/xsh_arp.o
 .note.GNU-stack
                0x0000000000000000        0x0 binaries/xsh_cat.o
 .note.GNU-stack
                0x0000000000000000        0x0 binaries/xsh_clear.o
 .note.GNU-stack
                0x0000000000000000        0x0 binaries/xsh_date.o
 .note.GNU-stack
                0x0000000000000000        0x0 binaries/xsh_devdump.o
 .note.GNU-stack
                0x0000000000000000        0x0 binaries/xsh_echo.o
 .note.GNU-stack
                0x0000000000000000        0x0 binaries/xsh_exit.o
 .note.GNU-stack
                0x0000000000000000        0x0 binaries/xsh_help.o
 .note.GNU-stack
                0x0000000000000000        0x0 binaries/xsh_ipaddr.o
 .note.GNU-stack
                0x0000000000000000        0x0 binaries/xsh_kill.o
 .note.GNU-stack
                0x0000000000000000        0x0 binaries/xsh_memdump.o
 .note.GNU-stack
                0x0000000000000000        0x0 binaries/xsh_memstat.o
 .note.GNU-stack
                0x0000000000000000        0x0 binaries/xsh_ping.o
 .note.GNU-stack
                0x0000000000000000        0x0 binaries/xsh_ps.o
 .note.GNU-stack
                0x0000000000000000        0x0 binaries/xsh_sleep.o
 .note.GNU-stack
                0x0000000000000000        0x0 binaries/xsh_udpdump.o
 .note.GNU-stack
                0x0000000000000000        0x0 binaries/xsh_udpecho.o
 .note.GNU-stack
                0x0000000000000000        0x0 binaries/xsh_udpeserver.o
 .note.GNU-stack
                0x0000000000000000        0x0 binaries/xsh_uptime.o
 .note.GNU-stack
                0x0000000000000000        0x0 binaries/allocate_bs.o
 .note.GNU-stack
                0x0000000000000000        0x0 binaries/close_bs.o
 .note.GNU-stack
                0x0000000000000000        0x0 binaries/deallocate_bs.o
 .note.GNU-stack
                0x0000000000000000        0x0 binaries/get_bs.o
 .note.GNU-stack
                0x0000000000000000        0x0 binaries/open_bs.o
 .note.GNU-stack
                0x0000000000000000        0x0 binaries/psinit.o
 .note.GNU-stack
                0x0000000000000000        0x0 binaries/read_bs.o
 .note.GNU-stack
                0x0000000000000000        0x0 binaries/release_bs.o
 .note.GNU-stack
                0x0000000000000000        0x0 binaries/write_bs.o
